
Optional file libmchp_peripheral.a not found

Optional file libmchp_peripheral_32MX250F128B.a not found
Archive member included because of file (symbol)

/opt/microchip/xc32/v2.41/bin/bin/../../lib/gcc/pic32mx/4.8.3/../../../../pic32mx/lib/libpic32.a(default-on-reset.o)
                              /tmp/cc0aV5DO.o (_on_reset)
/opt/microchip/xc32/v2.41/bin/bin/../../lib/gcc/pic32mx/4.8.3/../../../../pic32mx/lib/libpic32.a(default-on-bootstrap.o)
                              /tmp/cc0aV5DO.o (_on_bootstrap)
/opt/microchip/xc32/v2.41/bin/bin/../../lib/gcc/pic32mx/4.8.3/../../../../pic32mx/lib/libpic32.a(default-nmi-handler.o)
                              /tmp/cc0aV5DO.o (_nmi_handler)
/opt/microchip/xc32/v2.41/bin/bin/../../lib/gcc/pic32mx/4.8.3/../../../../pic32mx/lib/libpic32.a(pic32_data_init.o)
                              /tmp/cc0aV5DO.o (__pic32_data_init)
/opt/microchip/xc32/v2.41/bin/bin/../../lib/gcc/pic32mx/4.8.3/../../../../pic32mx/lib/libpic32.a(general-exception.o)
                              /tmp/cc0aV5DO.o (_general_exception_context)
/opt/microchip/xc32/v2.41/bin/bin/../../lib/gcc/pic32mx/4.8.3/../../../../pic32mx/lib/libpic32.a(vector0.o)
                              /tmp/cche4AiO.o (__vector_dispatch_0)
/opt/microchip/xc32/v2.41/bin/bin/../../lib/gcc/pic32mx/4.8.3/../../../../pic32mx/lib/libpic32.a(vector1.o)
                              /tmp/cche4AiO.o (__vector_dispatch_1)
/opt/microchip/xc32/v2.41/bin/bin/../../lib/gcc/pic32mx/4.8.3/../../../../pic32mx/lib/libpic32.a(vector2.o)
                              /tmp/cche4AiO.o (__vector_dispatch_2)
/opt/microchip/xc32/v2.41/bin/bin/../../lib/gcc/pic32mx/4.8.3/../../../../pic32mx/lib/libpic32.a(vector3.o)
                              /tmp/cche4AiO.o (__vector_dispatch_3)
/opt/microchip/xc32/v2.41/bin/bin/../../lib/gcc/pic32mx/4.8.3/../../../../pic32mx/lib/libpic32.a(vector5.o)
                              /tmp/cche4AiO.o (__vector_dispatch_5)
/opt/microchip/xc32/v2.41/bin/bin/../../lib/gcc/pic32mx/4.8.3/../../../../pic32mx/lib/libpic32.a(vector6.o)
                              /tmp/cche4AiO.o (__vector_dispatch_6)
/opt/microchip/xc32/v2.41/bin/bin/../../lib/gcc/pic32mx/4.8.3/../../../../pic32mx/lib/libpic32.a(vector7.o)
                              /tmp/cche4AiO.o (__vector_dispatch_7)
/opt/microchip/xc32/v2.41/bin/bin/../../lib/gcc/pic32mx/4.8.3/../../../../pic32mx/lib/libpic32.a(vector8.o)
                              /tmp/cche4AiO.o (__vector_dispatch_8)
/opt/microchip/xc32/v2.41/bin/bin/../../lib/gcc/pic32mx/4.8.3/../../../../pic32mx/lib/libpic32.a(vector9.o)
                              /tmp/cche4AiO.o (__vector_dispatch_9)
/opt/microchip/xc32/v2.41/bin/bin/../../lib/gcc/pic32mx/4.8.3/../../../../pic32mx/lib/libpic32.a(vector10.o)
                              /tmp/cche4AiO.o (__vector_dispatch_10)
/opt/microchip/xc32/v2.41/bin/bin/../../lib/gcc/pic32mx/4.8.3/../../../../pic32mx/lib/libpic32.a(vector11.o)
                              /tmp/cche4AiO.o (__vector_dispatch_11)
/opt/microchip/xc32/v2.41/bin/bin/../../lib/gcc/pic32mx/4.8.3/../../../../pic32mx/lib/libpic32.a(vector12.o)
                              /tmp/cche4AiO.o (__vector_dispatch_12)
/opt/microchip/xc32/v2.41/bin/bin/../../lib/gcc/pic32mx/4.8.3/../../../../pic32mx/lib/libpic32.a(vector13.o)
                              /tmp/cche4AiO.o (__vector_dispatch_13)
/opt/microchip/xc32/v2.41/bin/bin/../../lib/gcc/pic32mx/4.8.3/../../../../pic32mx/lib/libpic32.a(vector14.o)
                              /tmp/cche4AiO.o (__vector_dispatch_14)
/opt/microchip/xc32/v2.41/bin/bin/../../lib/gcc/pic32mx/4.8.3/../../../../pic32mx/lib/libpic32.a(vector15.o)
                              /tmp/cche4AiO.o (__vector_dispatch_15)
/opt/microchip/xc32/v2.41/bin/bin/../../lib/gcc/pic32mx/4.8.3/../../../../pic32mx/lib/libpic32.a(vector16.o)
                              /tmp/cche4AiO.o (__vector_dispatch_16)
/opt/microchip/xc32/v2.41/bin/bin/../../lib/gcc/pic32mx/4.8.3/../../../../pic32mx/lib/libpic32.a(vector17.o)
                              /tmp/cche4AiO.o (__vector_dispatch_17)
/opt/microchip/xc32/v2.41/bin/bin/../../lib/gcc/pic32mx/4.8.3/../../../../pic32mx/lib/libpic32.a(vector18.o)
                              /tmp/cche4AiO.o (__vector_dispatch_18)
/opt/microchip/xc32/v2.41/bin/bin/../../lib/gcc/pic32mx/4.8.3/../../../../pic32mx/lib/libpic32.a(vector19.o)
                              /tmp/cche4AiO.o (__vector_dispatch_19)
/opt/microchip/xc32/v2.41/bin/bin/../../lib/gcc/pic32mx/4.8.3/../../../../pic32mx/lib/libpic32.a(vector20.o)
                              /tmp/cche4AiO.o (__vector_dispatch_20)
/opt/microchip/xc32/v2.41/bin/bin/../../lib/gcc/pic32mx/4.8.3/../../../../pic32mx/lib/libpic32.a(vector21.o)
                              /tmp/cche4AiO.o (__vector_dispatch_21)
/opt/microchip/xc32/v2.41/bin/bin/../../lib/gcc/pic32mx/4.8.3/../../../../pic32mx/lib/libpic32.a(vector22.o)
                              /tmp/cche4AiO.o (__vector_dispatch_22)
[...]
Memory Configuration

Name             Origin             Length             Attributes
kseg0_program_mem 0x9d000000         0x0001f000         xr
exception_mem    0x9d01f000         0x00001000
debug_exec_mem   0x9fc00490         0x00000760
kseg0_boot_mem   0x9fc00490         0x00000000
kseg1_boot_mem   0xbfc00000         0x00000490
config3          0xbfc00bf0         0x00000004
config2          0xbfc00bf4         0x00000004
config1          0xbfc00bf8         0x00000004
config0          0xbfc00bfc         0x00000004
kseg1_data_mem   0xa0000000         0x00008000         w !x
sfrs             0xbf800000         0x00100000
configsfrs       0xbfc00bf0         0x00000010
*default*        0x00000000         0xffffffff

Linker script and memory map

LOAD /opt/microchip/xc32/v2.41/bin/bin/../../lib/gcc/pic32mx/4.8.3/../../../../pic32mx/lib/debug-exception-return.o
LOAD build/default/production/_ext/1434821282/bsp.o
LOAD build/default/production/_ext/1865657120/plib_uart1.o
LOAD build/default/production/_ext/1865657120/plib_uart2.o
LOAD build/default/production/_ext/1360937237/main.o
LOAD build/default/production/_ext/1171490990/initialization.o
LOAD build/default/production/_ext/1171490990/interrupts.o
LOAD build/default/production/_ext/1171490990/exceptions.o
LOAD build/default/production/_ext/163028504/xc32_monitor.o
LOAD build/default/production/_ext/60165520/plib_clk.o
LOAD build/default/production/_ext/1865254177/plib_gpio.o
LOAD build/default/production/_ext/1865200349/plib_evic.o
LOAD build/default/production/_ext/1865638794/plib_tmr1.o
LOAD build/default/production/_ext/298189674/plib_spi1_master.o
LOAD build/default/production/_ext/2080046288/drv_bm71.o
LOAD build/default/production/_ext/2080046288/drv_bm71_ble.o
LOAD build/default/production/_ext/2080046288/drv_bm71_command_decode.o
LOAD build/default/production/_ext/2080046288/drv_bm71_command_send.o
LOAD build/default/production/_ext/2080046288/drv_bm71_gpio.o
LOAD build/default/production/_ext/2080046288/drv_bm71_uart.o
                0x00000001                __MPLAB_BUILD = 0x1
                0x00000400                PROVIDE (_min_stack_size, 0x400)
START GROUP
LOAD libmchp_peripheral.a
END GROUP
START GROUP
LOAD libmchp_peripheral_32MX250F128B.a
END GROUP
                0x00000001                PROVIDE (_vector_spacing, 0x1)
                0x9d01f000                PROVIDE (_ebase_address, 0x9d01f000)
                0xbfc00000                _RESET_ADDR = 0xbfc00000
                0xbfc00380                _BEV_EXCPT_ADDR = 0xbfc00380
                0xbfc00480                _DBG_EXCPT_ADDR = 0xbfc00480
                0x9fc00490                _DBG_CODE_ADDR = 0x9fc00490
                0x00000760                _DBG_CODE_SIZE = 0x760
                0x9d01f180                _GEN_EXCPT_ADDR = (_ebase_address + 0x180)

.config_BFC00BF0
                0xbfc00bf0        0x4
 *(.config_BFC00BF0)
 .config_BFC00BF0
                0xbfc00bf0        0x4 build/default/production/_ext/1171490990/initialization.o

.config_BFC00BF4
                0xbfc00bf4        0x4
 *(.config_BFC00BF4)
 .config_BFC00BF4
                0xbfc00bf4        0x4 build/default/production/_ext/1171490990/initialization.o

.config_BFC00BF8
                0xbfc00bf8        0x4
 *(.config_BFC00BF8)
 .config_BFC00BF8
                0xbfc00bf8        0x4 build/default/production/_ext/1171490990/initialization.o

.config_BFC00BFC
                0xbfc00bfc        0x4
 *(.config_BFC00BFC)
 .config_BFC00BFC
                0xbfc00bfc        0x4 build/default/production/_ext/1171490990/initialization.o

.reset          0xbfc00000      0x178
 *(.reset)
 .reset         0xbfc00000        0x8 /tmp/cc0aV5DO.o
                0xbfc00000                _reset
 *(.reset.startup)
 .reset.startup
                0xbfc00008      0x170 /tmp/cc0aV5DO.o
                0xbfc00008                _startup

.bev_excpt      0xbfc00380       0x10
 *(.bev_handler)
 .bev_handler   0xbfc00380       0x10 /tmp/cc0aV5DO.o

.dbg_excpt      0xbfc00480        0x0
                0xbfc00480                . = (. + DEFINED (_DEBUGGER)?0x8:0x0)

.dbg_code       0x9fc00490        0x0
                0x9fc00490                . = (. + DEFINED (_DEBUGGER)?_DBG_CODE_SIZE:0x0)

.app_excpt      0x9d01f180       0x10
 *(.gen_handler)
 .gen_handler   0x9d01f180       0x10 /tmp/cc0aV5DO.o

.vector_0       0x9d01f200        0x8
 *(.vector_0)
 .vector_0      0x9d01f200        0x8 /opt/microchip/xc32/v2.41/bin/bin/../../lib/gcc/pic32mx/4.8.3/../../../../pic32mx/lib/libpic32.a(vector0.o)
                0x9d01f200                __vector_dispatch_0
                0x00000001                ASSERT (((_vector_spacing == 0x0) || (SIZEOF (.vector_0) <= (_vector_spacing << 0x5))), function at exception vector 0 too large)

.vector_1       0x9d01f220        0x8
 *(.vector_1)
 .vector_1      0x9d01f220        0x8 /opt/microchip/xc32/v2.41/bin/bin/../../lib/gcc/pic32mx/4.8.3/../../../../pic32mx/lib/libpic32.a(vector1.o)
                0x9d01f220                __vector_dispatch_1
                0x00000001                ASSERT (((_vector_spacing == 0x0) || (SIZEOF (.vector_1) <= (_vector_spacing << 0x5))), function at exception vector 1 too large)

.vector_2       0x9d01f240        0x8
 *(.vector_2)
 .vector_2      0x9d01f240        0x8 /opt/microchip/xc32/v2.41/bin/bin/../../lib/gcc/pic32mx/4.8.3/../../../../pic32mx/lib/libpic32.a(vector2.o)
                0x9d01f240                __vector_dispatch_2
                0x00000001                ASSERT (((_vector_spacing == 0x0) || (SIZEOF (.vector_2) <= (_vector_spacing << 0x5))), function at exception vector 2 too large)

.vector_3       0x9d01f260        0x8
 *(.vector_3)
 .vector_3      0x9d01f260        0x8 /opt/microchip/xc32/v2.41/bin/bin/../../lib/gcc/pic32mx/4.8.3/../../../../pic32mx/lib/libpic32.a(vector3.o)
                0x9d01f260                __vector_dispatch_3
                0x00000001                ASSERT (((_vector_spacing == 0x0) || (SIZEOF (.vector_3) <= (_vector_spacing << 0x5))), function at exception vector 3 too large)

.vector_4       0x9d01f280        0x8
 *(.vector_4)
 .vector_4      0x9d01f280        0x8 build/default/production/_ext/1171490990/interrupts.o
                0x9d01f280                __vector_dispatch_4
                0x00000001                ASSERT (((_vector_spacing == 0x0) || (SIZEOF (.vector_4) <= (_vector_spacing << 0x5))), function at exception vector 4 too large)

.vector_5       0x9d01f2a0        0x8
 *(.vector_5)
 .vector_5      0x9d01f2a0        0x8 /opt/microchip/xc32/v2.41/bin/bin/../../lib/gcc/pic32mx/4.8.3/../../../../pic32mx/lib/libpic32.a(vector5.o)
                0x9d01f2a0                __vector_dispatch_5
                0x00000001                ASSERT (((_vector_spacing == 0x0) || (SIZEOF (.vector_5) <= (_vector_spacing << 0x5))), function at exception vector 5 too large)

.vector_6       0x9d01f2c0        0x8
 *(.vector_6)
 .vector_6      0x9d01f2c0        0x8 /opt/microchip/xc32/v2.41/bin/bin/../../lib/gcc/pic32mx/4.8.3/../../../../pic32mx/lib/libpic32.a(vector6.o)
                0x9d01f2c0                __vector_dispatch_6
                0x00000001                ASSERT (((_vector_spacing == 0x0) || (SIZEOF (.vector_6) <= (_vector_spacing << 0x5))), function at exception vector 6 too large)

.vector_7       0x9d01f2e0        0x8
 *(.vector_7)
 .vector_7      0x9d01f2e0        0x8 /opt/microchip/xc32/v2.41/bin/bin/../../lib/gcc/pic32mx/4.8.3/../../../../pic32mx/lib/libpic32.a(vector7.o)
                0x9d01f2e0                __vector_dispatch_7
                0x00000001                ASSERT (((_vector_spacing == 0x0) || (SIZEOF (.vector_7) <= (_vector_spacing << 0x5))), function at exception vector 7 too large)

.vector_8       0x9d01f300        0x8
 *(.vector_8)
 .vector_8      0x9d01f300        0x8 /opt/microchip/xc32/v2.41/bin/bin/../../lib/gcc/pic32mx/4.8.3/../../../../pic32mx/lib/libpic32.a(vector8.o)
                0x9d01f300                __vector_dispatch_8
                0x00000001                ASSERT (((_vector_spacing == 0x0) || (SIZEOF (.vector_8) <= (_vector_spacing << 0x5))), function at exception vector 8 too large)

.vector_9       0x9d01f320        0x8
 *(.vector_9)
 .vector_9      0x9d01f320        0x8 /opt/microchip/xc32/v2.41/bin/bin/../../lib/gcc/pic32mx/4.8.3/../../../../pic32mx/lib/libpic32.a(vector9.o)
                0x9d01f320                __vector_dispatch_9
                0x00000001                ASSERT (((_vector_spacing == 0x0) || (SIZEOF (.vector_9) <= (_vector_spacing << 0x5))), function at exception vector 9 too large)

.vector_10      0x9d01f340        0x8
 *(.vector_10)
 .vector_10     0x9d01f340        0x8 /opt/microchip/xc32/v2.41/bin/bin/../../lib/gcc/pic32mx/4.8.3/../../../../pic32mx/lib/libpic32.a(vector10.o)
                0x9d01f340                __vector_dispatch_10
                0x00000001                ASSERT (((_vector_spacing == 0x0) || (SIZEOF (.vector_10) <= (_vector_spacing << 0x5))), function at exception vector 10 too large)

.vector_11      0x9d01f360        0x8
 *(.vector_11)
 .vector_11     0x9d01f360        0x8 /opt/microchip/xc32/v2.41/bin/bin/../../lib/gcc/pic32mx/4.8.3/../../../../pic32mx/lib/libpic32.a(vector11.o)
                0x9d01f360                __vector_dispatch_11
                0x00000001                ASSERT (((_vector_spacing == 0x0) || (SIZEOF (.vector_11) <= (_vector_spacing << 0x5))), function at exception vector 11 too large)

.vector_12      0x9d01f380        0x8
 *(.vector_12)
 .vector_12     0x9d01f380        0x8 /opt/microchip/xc32/v2.41/bin/bin/../../lib/gcc/pic32mx/4.8.3/../../../../pic32mx/lib/libpic32.a(vector12.o)
                0x9d01f380                __vector_dispatch_12
                0x00000001                ASSERT (((_vector_spacing == 0x0) || (SIZEOF (.vector_12) <= (_vector_spacing << 0x5))), function at exception vector 12 too large)

.vector_13      0x9d01f3a0        0x8
 *(.vector_13)
 .vector_13     0x9d01f3a0        0x8 /opt/microchip/xc32/v2.41/bin/bin/../../lib/gcc/pic32mx/4.8.3/../../../../pic32mx/lib/libpic32.a(vector13.o)
                0x9d01f3a0                __vector_dispatch_13
                0x00000001                ASSERT (((_vector_spacing == 0x0) || (SIZEOF (.vector_13) <= (_vector_spacing << 0x5))), function at exception vector 13 too large)

.vector_14      0x9d01f3c0        0x8
 *(.vector_14)
 .vector_14     0x9d01f3c0        0x8 /opt/microchip/xc32/v2.41/bin/bin/../../lib/gcc/pic32mx/4.8.3/../../../../pic32mx/lib/libpic32.a(vector14.o)
                0x9d01f3c0                __vector_dispatch_14
                0x00000001                ASSERT (((_vector_spacing == 0x0) || (SIZEOF (.vector_14) <= (_vector_spacing << 0x5))), function at exception vector 14 too large)

.vector_15      0x9d01f3e0        0x8
 *(.vector_15)
 .vector_15     0x9d01f3e0        0x8 /opt/microchip/xc32/v2.41/bin/bin/../../lib/gcc/pic32mx/4.8.3/../../../../pic32mx/lib/libpic32.a(vector15.o)
                0x9d01f3e0                __vector_dispatch_15
                0x00000001                ASSERT (((_vector_spacing == 0x0) || (SIZEOF (.vector_15) <= (_vector_spacing << 0x5))), function at exception vector 15 too large)

.vector_16      0x9d01f400        0x8
 *(.vector_16)
 .vector_16     0x9d01f400        0x8 /opt/microchip/xc32/v2.41/bin/bin/../../lib/gcc/pic32mx/4.8.3/../../../../pic32mx/lib/libpic32.a(vector16.o)
                0x9d01f400                __vector_dispatch_16
                0x00000001                ASSERT (((_vector_spacing == 0x0) || (SIZEOF (.vector_16) <= (_vector_spacing << 0x5))), function at exception vector 16 too large)

.vector_17      0x9d01f420        0x8
 *(.vector_17)
 .vector_17     0x9d01f420        0x8 /opt/microchip/xc32/v2.41/bin/bin/../../lib/gcc/pic32mx/4.8.3/../../../../pic32mx/lib/libpic32.a(vector17.o)
                0x9d01f420                __vector_dispatch_17
                0x00000001                ASSERT (((_vector_spacing == 0x0) || (SIZEOF (.vector_17) <= (_vector_spacing << 0x5))), function at exception vector 17 too large)

.vector_18      0x9d01f440        0x8
 *(.vector_18)
 .vector_18     0x9d01f440        0x8 /opt/microchip/xc32/v2.41/bin/bin/../../lib/gcc/pic32mx/4.8.3/../../../../pic32mx/lib/libpic32.a(vector18.o)
                0x9d01f440                __vector_dispatch_18
                0x00000001                ASSERT (((_vector_spacing == 0x0) || (SIZEOF (.vector_18) <= (_vector_spacing << 0x5))), function at exception vector 18 too large)

.vector_19      0x9d01f460        0x8
 *(.vector_19)
 .vector_19     0x9d01f460        0x8 /opt/microchip/xc32/v2.41/bin/bin/../../lib/gcc/pic32mx/4.8.3/../../../../pic32mx/lib/libpic32.a(vector19.o)
                0x9d01f460                __vector_dispatch_19
                0x00000001                ASSERT (((_vector_spacing == 0x0) || (SIZEOF (.vector_19) <= (_vector_spacing << 0x5))), function at exception vector 19 too large)

.vector_20      0x9d01f480        0x8
 *(.vector_20)
 .vector_20     0x9d01f480        0x8 /opt/microchip/xc32/v2.41/bin/bin/../../lib/gcc/pic32mx/4.8.3/../../../../pic32mx/lib/libpic32.a(vector20.o)
                0x9d01f480                __vector_dispatch_20
                0x00000001                ASSERT (((_vector_spacing == 0x0) || (SIZEOF (.vector_20) <= (_vector_spacing << 0x5))), function at exception vector 20 too large)

.vector_21      0x9d01f4a0        0x8
 *(.vector_21)
 .vector_21     0x9d01f4a0        0x8 /opt/microchip/xc32/v2.41/bin/bin/../../lib/gcc/pic32mx/4.8.3/../../../../pic32mx/lib/libpic32.a(vector21.o)
                0x9d01f4a0                __vector_dispatch_21
                0x00000001                ASSERT (((_vector_spacing == 0x0) || (SIZEOF (.vector_21) <= (_vector_spacing << 0x5))), function at exception vector 21 too large)

.vector_22      0x9d01f4c0        0x8
 *(.vector_22)
 .vector_22     0x9d01f4c0        0x8 /opt/microchip/xc32/v2.41/bin/bin/../../lib/gcc/pic32mx/4.8.3/../../../../pic32mx/lib/libpic32.a(vector22.o)
                0x9d01f4c0                __vector_dispatch_22
                0x00000001                ASSERT (((_vector_spacing == 0x0) || (SIZEOF (.vector_22) <= (_vector_spacing << 0x5))), function at exception vector 22 too large)

.vector_23      0x9d01f4e0        0x8
 *(.vector_23)
 .vector_23     0x9d01f4e0        0x8 /opt/microchip/xc32/v2.41/bin/bin/../../lib/gcc/pic32mx/4.8.3/../../../../pic32mx/lib/libpic32.a(vector23.o)
                0x9d01f4e0                __vector_dispatch_23
                0x00000001                ASSERT (((_vector_spacing == 0x0) || (SIZEOF (.vector_23) <= (_vector_spacing << 0x5))), function at exception vector 23 too large)

.vector_24      0x9d01f500        0x8
 *(.vector_24)
 .vector_24     0x9d01f500        0x8 /opt/microchip/xc32/v2.41/bin/bin/../../lib/gcc/pic32mx/4.8.3/../../../../pic32mx/lib/libpic32.a(vector24.o)
                0x9d01f500                __vector_dispatch_24
                0x00000001                ASSERT (((_vector_spacing == 0x0) || (SIZEOF (.vector_24) <= (_vector_spacing << 0x5))), function at exception vector 24 too large)

.vector_25      0x9d01f520        0x8
 *(.vector_25)
 .vector_25     0x9d01f520        0x8 /opt/microchip/xc32/v2.41/bin/bin/../../lib/gcc/pic32mx/4.8.3/../../../../pic32mx/lib/libpic32.a(vector25.o)
                0x9d01f520                __vector_dispatch_25
                0x00000001                ASSERT (((_vector_spacing == 0x0) || (SIZEOF (.vector_25) <= (_vector_spacing << 0x5))), function at exception vector 25 too large)

.vector_26      0x9d01f540        0x8
 *(.vector_26)
 .vector_26     0x9d01f540        0x8 /opt/microchip/xc32/v2.41/bin/bin/../../lib/gcc/pic32mx/4.8.3/../../../../pic32mx/lib/libpic32.a(vector26.o)
                0x9d01f540                __vector_dispatch_26
                0x00000001                ASSERT (((_vector_spacing == 0x0) || (SIZEOF (.vector_26) <= (_vector_spacing << 0x5))), function at exception vector 26 too large)

.vector_27      0x9d01f560        0x8
 *(.vector_27)
 .vector_27     0x9d01f560        0x8 /opt/microchip/xc32/v2.41/bin/bin/../../lib/gcc/pic32mx/4.8.3/../../../../pic32mx/lib/libpic32.a(vector27.o)
                0x9d01f560                __vector_dispatch_27
                0x00000001                ASSERT (((_vector_spacing == 0x0) || (SIZEOF (.vector_27) <= (_vector_spacing << 0x5))), function at exception vector 27 too large)

.vector_28      0x9d01f580        0x8
 *(.vector_28)
 .vector_28     0x9d01f580        0x8 /opt/microchip/xc32/v2.41/bin/bin/../../lib/gcc/pic32mx/4.8.3/../../../../pic32mx/lib/libpic32.a(vector28.o)
                0x9d01f580                __vector_dispatch_28
                0x00000001                ASSERT (((_vector_spacing == 0x0) || (SIZEOF (.vector_28) <= (_vector_spacing << 0x5))), function at exception vector 28 too large)

.vector_29      0x9d01f5a0        0x8
 *(.vector_29)
 .vector_29     0x9d01f5a0        0x8 /opt/microchip/xc32/v2.41/bin/bin/../../lib/gcc/pic32mx/4.8.3/../../../../pic32mx/lib/libpic32.a(vector29.o)
                0x9d01f5a0                __vector_dispatch_29
                0x00000001                ASSERT (((_vector_spacing == 0x0) || (SIZEOF (.vector_29) <= (_vector_spacing << 0x5))), function at exception vector 29 too large)

.vector_30      0x9d01f5c0        0x8
 *(.vector_30)
 .vector_30     0x9d01f5c0        0x8 /opt/microchip/xc32/v2.41/bin/bin/../../lib/gcc/pic32mx/4.8.3/../../../../pic32mx/lib/libpic32.a(vector30.o)
                0x9d01f5c0                __vector_dispatch_30
                0x00000001                ASSERT (((_vector_spacing == 0x0) || (SIZEOF (.vector_30) <= (_vector_spacing << 0x5))), function at exception vector 30 too large)

.vector_31      0x9d01f5e0        0x8
 *(.vector_31)
 .vector_31     0x9d01f5e0        0x8 build/default/production/_ext/1171490990/interrupts.o
                0x9d01f5e0                __vector_dispatch_31
                0x00000001                ASSERT (((_vector_spacing == 0x0) || (SIZEOF (.vector_31) <= (_vector_spacing << 0x5))), function at exception vector 31 too large)

.vector_32      0x9d01f600        0x8
 *(.vector_32)
 .vector_32     0x9d01f600        0x8 /opt/microchip/xc32/v2.41/bin/bin/../../lib/gcc/pic32mx/4.8.3/../../../../pic32mx/lib/libpic32.a(vector32.o)
                0x9d01f600                __vector_dispatch_32
                0x00000001                ASSERT (((_vector_spacing == 0x0) || (SIZEOF (.vector_32) <= (_vector_spacing << 0x5))), function at exception vector 32 too large)

.vector_33      0x9d01f620        0x8
 *(.vector_33)
 .vector_33     0x9d01f620        0x8 /opt/microchip/xc32/v2.41/bin/bin/../../lib/gcc/pic32mx/4.8.3/../../../../pic32mx/lib/libpic32.a(vector33.o)
                0x9d01f620                __vector_dispatch_33
                0x00000001                ASSERT (((_vector_spacing == 0x0) || (SIZEOF (.vector_33) <= (_vector_spacing << 0x5))), function at exception vector 33 too large)

.vector_34      0x9d01f640        0x8
 *(.vector_34)
 .vector_34     0x9d01f640        0x8 /opt/microchip/xc32/v2.41/bin/bin/../../lib/gcc/pic32mx/4.8.3/../../../../pic32mx/lib/libpic32.a(vector34.o)
                0x9d01f640                __vector_dispatch_34
                0x00000001                ASSERT (((_vector_spacing == 0x0) || (SIZEOF (.vector_34) <= (_vector_spacing << 0x5))), function at exception vector 34 too large)

.vector_35      0x9d01f660        0x8
 *(.vector_35)
 .vector_35     0x9d01f660        0x8 /opt/microchip/xc32/v2.41/bin/bin/../../lib/gcc/pic32mx/4.8.3/../../../../pic32mx/lib/libpic32.a(vector35.o)
                0x9d01f660                __vector_dispatch_35
                0x00000001                ASSERT (((_vector_spacing == 0x0) || (SIZEOF (.vector_35) <= (_vector_spacing << 0x5))), function at exception vector 35 too large)

.vector_36      0x9d01f680        0x8
 *(.vector_36)
 .vector_36     0x9d01f680        0x8 /opt/microchip/xc32/v2.41/bin/bin/../../lib/gcc/pic32mx/4.8.3/../../../../pic32mx/lib/libpic32.a(vector36.o)
                0x9d01f680                __vector_dispatch_36
                0x00000001                ASSERT (((_vector_spacing == 0x0) || (SIZEOF (.vector_36) <= (_vector_spacing << 0x5))), function at exception vector 36 too large)

.vector_37      0x9d01f6a0        0x8
 *(.vector_37)
 .vector_37     0x9d01f6a0        0x8 build/default/production/_ext/1171490990/interrupts.o
                0x9d01f6a0                __vector_dispatch_37
                0x00000001                ASSERT (((_vector_spacing == 0x0) || (SIZEOF (.vector_37) <= (_vector_spacing << 0x5))), function at exception vector 37 too large)

.vector_38      0x9d01f6c0        0x8
 *(.vector_38)
 .vector_38     0x9d01f6c0        0x8 /opt/microchip/xc32/v2.41/bin/bin/../../lib/gcc/pic32mx/4.8.3/../../../../pic32mx/lib/libpic32.a(vector38.o)
                0x9d01f6c0                __vector_dispatch_38
                0x00000001                ASSERT (((_vector_spacing == 0x0) || (SIZEOF (.vector_38) <= (_vector_spacing << 0x5))), function at exception vector 38 too large)

.vector_39      0x9d01f6e0        0x8
 *(.vector_39)
 .vector_39     0x9d01f6e0        0x8 /opt/microchip/xc32/v2.41/bin/bin/../../lib/gcc/pic32mx/4.8.3/../../../../pic32mx/lib/libpic32.a(vector39.o)
                0x9d01f6e0                __vector_dispatch_39
                0x00000001                ASSERT (((_vector_spacing == 0x0) || (SIZEOF (.vector_39) <= (_vector_spacing << 0x5))), function at exception vector 39 too large)

.vector_40      0x9d01f700        0x8
 *(.vector_40)
 .vector_40     0x9d01f700        0x8 /opt/microchip/xc32/v2.41/bin/bin/../../lib/gcc/pic32mx/4.8.3/../../../../pic32mx/lib/libpic32.a(vector40.o)
                0x9d01f700                __vector_dispatch_40
                0x00000001                ASSERT (((_vector_spacing == 0x0) || (SIZEOF (.vector_40) <= (_vector_spacing << 0x5))), function at exception vector 40 too large)

.vector_41      0x9d01f720        0x8
 *(.vector_41)
 .vector_41     0x9d01f720        0x8 /opt/microchip/xc32/v2.41/bin/bin/../../lib/gcc/pic32mx/4.8.3/../../../../pic32mx/lib/libpic32.a(vector41.o)
                0x9d01f720                __vector_dispatch_41
                0x00000001                ASSERT (((_vector_spacing == 0x0) || (SIZEOF (.vector_41) <= (_vector_spacing << 0x5))), function at exception vector 41 too large)

.vector_42      0x9d01f740        0x8
 *(.vector_42)
 .vector_42     0x9d01f740        0x8 /opt/microchip/xc32/v2.41/bin/bin/../../lib/gcc/pic32mx/4.8.3/../../../../pic32mx/lib/libpic32.a(vector42.o)
                0x9d01f740                __vector_dispatch_42
                0x00000001                ASSERT (((_vector_spacing == 0x0) || (SIZEOF (.vector_42) <= (_vector_spacing << 0x5))), function at exception vector 42 too large)

.vector_43      0x9d01f760        0x8
 *(.vector_43)
 .vector_43     0x9d01f760        0x8 /opt/microchip/xc32/v2.41/bin/bin/../../lib/gcc/pic32mx/4.8.3/../../../../pic32mx/lib/libpic32.a(vector43.o)
                0x9d01f760                __vector_dispatch_43
                0x00000001                ASSERT (((_vector_spacing == 0x0) || (SIZEOF (.vector_43) <= (_vector_spacing << 0x5))), function at exception vector 43 too large)

.vector_44      0x9d01f780        0x0
 *(.vector_44)
                0x00000001                ASSERT (((_vector_spacing == 0x0) || (SIZEOF (.vector_44) <= (_vector_spacing << 0x5))), function at exception vector 44 too large)

.vector_45      0x9d01f7a0        0x0
 *(.vector_45)
                0x00000001                ASSERT (((_vector_spacing == 0x0) || (SIZEOF (.vector_45) <= (_vector_spacing << 0x5))), function at exception vector 45 too large)

.vector_46      0x9d01f7c0        0x0
 *(.vector_46)
                0x00000001                ASSERT (((_vector_spacing == 0x0) || (SIZEOF (.vector_46) <= (_vector_spacing << 0x5))), function at exception vector 46 too large)

.vector_47      0x9d01f7e0        0x0
 *(.vector_47)
                0x00000001                ASSERT (((_vector_spacing == 0x0) || (SIZEOF (.vector_47) <= (_vector_spacing << 0x5))), function at exception vector 47 too large)

.vector_48      0x9d01f800        0x0
 *(.vector_48)
                0x00000001                ASSERT (((_vector_spacing == 0x0) || (SIZEOF (.vector_48) <= (_vector_spacing << 0x5))), function at exception vector 48 too large)

.vector_49      0x9d01f820        0x0
 *(.vector_49)
                0x00000001                ASSERT (((_vector_spacing == 0x0) || (SIZEOF (.vector_49) <= (_vector_spacing << 0x5))), function at exception vector 49 too large)

.vector_50      0x9d01f840        0x0
 *(.vector_50)
                0x00000001                ASSERT (((_vector_spacing == 0x0) || (SIZEOF (.vector_50) <= (_vector_spacing << 0x5))), function at exception vector 50 too large)

.vector_51      0x9d01f860        0x0
 *(.vector_51)
                0x00000001                ASSERT (((_vector_spacing == 0x0) || (SIZEOF (.vector_51) <= (_vector_spacing << 0x5))), function at exception vector 51 too large)

.vector_52      0x9d01f880        0x0
 *(.vector_52)
                0x00000001                ASSERT (((_vector_spacing == 0x0) || (SIZEOF (.vector_52) <= (_vector_spacing << 0x5))), function at exception vector 52 too large)

.vector_53      0x9d01f8a0        0x0
 *(.vector_53)
                0x00000001                ASSERT (((_vector_spacing == 0x0) || (SIZEOF (.vector_53) <= (_vector_spacing << 0x5))), function at exception vector 53 too large)

.vector_54      0x9d01f8c0        0x0
 *(.vector_54)
                0x00000001                ASSERT (((_vector_spacing == 0x0) || (SIZEOF (.vector_54) <= (_vector_spacing << 0x5))), function at exception vector 54 too large)

.vector_55      0x9d01f8e0        0x0
 *(.vector_55)
                0x00000001                ASSERT (((_vector_spacing == 0x0) || (SIZEOF (.vector_55) <= (_vector_spacing << 0x5))), function at exception vector 55 too large)

.vector_56      0x9d01f900        0x0
 *(.vector_56)
                0x00000001                ASSERT (((_vector_spacing == 0x0) || (SIZEOF (.vector_56) <= (_vector_spacing << 0x5))), function at exception vector 56 too large)

.vector_57      0x9d01f920        0x0
 *(.vector_57)
                0x00000001                ASSERT (((_vector_spacing == 0x0) || (SIZEOF (.vector_57) <= (_vector_spacing << 0x5))), function at exception vector 57 too large)

.vector_58      0x9d01f940        0x0
 *(.vector_58)
                0x00000001                ASSERT (((_vector_spacing == 0x0) || (SIZEOF (.vector_58) <= (_vector_spacing << 0x5))), function at exception vector 58 too large)

.vector_59      0x9d01f960        0x0
 *(.vector_59)
                0x00000001                ASSERT (((_vector_spacing == 0x0) || (SIZEOF (.vector_59) <= (_vector_spacing << 0x5))), function at exception vector 59 too large)

.vector_60      0x9d01f980        0x0
 *(.vector_60)
                0x00000001                ASSERT (((_vector_spacing == 0x0) || (SIZEOF (.vector_60) <= (_vector_spacing << 0x5))), function at exception vector 60 too large)

.vector_61      0x9d01f9a0        0x0
 *(.vector_61)
                0x00000001                ASSERT (((_vector_spacing == 0x0) || (SIZEOF (.vector_61) <= (_vector_spacing << 0x5))), function at exception vector 61 too large)

.vector_62      0x9d01f9c0        0x0
 *(.vector_62)
                0x00000001                ASSERT (((_vector_spacing == 0x0) || (SIZEOF (.vector_62) <= (_vector_spacing << 0x5))), function at exception vector 62 too large)

.vector_63      0x9d01f9e0        0x0
 *(.vector_63)
                0x00000001                ASSERT (((_vector_spacing == 0x0) || (SIZEOF (.vector_63) <= (_vector_spacing << 0x5))), function at exception vector 63 too large)

.startup
 *(.startup)

.text           0x9d000000        0x0
 *(.stub .gnu.linkonce.t.*)
 *(.text.*personality*)
 *(.mips16.fn.*)
 *(.mips16.call.*)
 *(.gnu.warning)
                0x9d000000                . = ALIGN (0x4)

.init           0x9d000000        0x0
 *crti.o(.init)
 *crtbegin.o(.init)
 *(EXCLUDE_FILE(*crtn.o *crtend?.o *crtend.o) .init)
 *crtend.o(.init)
 *crtn.o(.init)
                0x9d000000                . = ALIGN (0x4)

.fini           0x9d000000        0x0
 *(.fini)
                0x9d000000                . = ALIGN (0x4)

.preinit_array  0x9d000000        0x0
                0x9d000000                PROVIDE (__preinit_array_start, .)
 *(.preinit_array)
                0x9d000000                PROVIDE (__preinit_array_end, .)
                0x9d000000                . = ALIGN (0x4)

.init_array     0x9d000000        0x0
                0x9d000000                PROVIDE (__init_array_start, .)
 *(SORT(.init_array.*))
 *(.init_array)
                0x9d000000                PROVIDE (__init_array_end, .)
                0x9d000000                . = ALIGN (0x4)

.fini_array     0x9d000000        0x0
                0x9d000000                PROVIDE (__fini_array_start, .)
 *(SORT(.fini_array.*))
 *(.fini_array)
                0x9d000000                PROVIDE (__fini_array_end, .)
                0x9d000000                . = ALIGN (0x4)

.ctors          0x9d000000        0x0
 *crtbegin.o(.ctors)
 *crtbegin?.o(.ctors)
 *(EXCLUDE_FILE(*crtend?.o *crtend.o) .ctors)
 *(SORT(.ctors.*))
 *(.ctors)
                0x9d000000                . = ALIGN (0x4)

.dtors          0x9d000000        0x0
 *crtbegin.o(.dtors)
 *crtbegin?.o(.dtors)
 *(EXCLUDE_FILE(*crtend?.o *crtend.o) .dtors)
 *(SORT(.dtors.*))
 *(.dtors)
                0x9d000000                . = ALIGN (0x4)

.rodata         0x9d000000        0x0
 *(.gnu.linkonce.r.*)
 *(.rodata1)
                0x9d000000                . = ALIGN (0x4)

.sdata2         0x9fc00490        0x0
 *(.sdata2 .sdata2.* .gnu.linkonce.s2.*)
                0x9fc00490                . = ALIGN (0x4)

.sbss2          0x9fc00490        0x0
 *(.sbss2 .sbss2.* .gnu.linkonce.sb2.*)
                0x9fc00490                . = ALIGN (0x4)

.eh_frame_hdr
 *(.eh_frame_hdr)
                0x9fc00490                . = ALIGN (0x4)

.eh_frame
 *(.eh_frame)
                0x9fc00490                . = ALIGN (0x4)

.gcc_except_table
 *(.gcc_except_table .gcc_except_table.*)
                0x9fc00490                . = ALIGN (0x4)

.dbg_data       0xa0000000        0x0
                0xa0000000                . = (. + DEFINED (_DEBUGGER)?0x200:0x0)

.jcr            0xa0000000        0x0
 *(.jcr)
                0xa0000000                . = ALIGN (0x4)

.eh_frame
 *(.eh_frame)
                0xa0000000                . = ALIGN (0x4)

.gcc_except_table
 *(.gcc_except_table .gcc_except_table.*)
                0xa0000000                . = ALIGN (0x4)

.persist        0xa0000000        0x0
                0xa0000000                _persist_begin = .
 *(.persist .persist.*)
                0xa0000000                . = ALIGN (0x4)
                0xa0000000                _persist_end = .

.data           0xa0000000        0x0
 *(.gnu.linkonce.d.*)
 *(.data1)
                0xa0000000                . = ALIGN (0x4)
                0xa0000000                . = .
                0xa0007ff0                _gp = (ALIGN (0x10) + 0x7ff0)

.got            0xa0000000        0x0
 *(.got.plt)
 *(.got)
                0xa0000000                . = ALIGN (0x4)

.sdata          0xa0000000        0x4
                0xa0000000                _sdata_begin = .
 *(.sdata .sdata.* .gnu.linkonce.s.*)
 .sdata         0xa0000000        0x4 build/default/production/_ext/2080046288/drv_bm71.o
                0xa0000000                oldstate
                0xa0000004                . = ALIGN (0x4)
                0xa0000004                _sdata_end = .

.lit8
 *(.lit8)

.lit4
 *(.lit4)
                0xa0000004                . = ALIGN (0x4)
                0xa0000004                _data_end = .
                0xa0000004                _bss_begin = .

.sbss           0xa0000004       0x50
                0xa0000004                _sbss_begin = .
 *(.dynsbss)
 *(.sbss .sbss.* .gnu.linkonce.sb.*)
 .sbss          0xa0000004        0x8 build/default/production/_ext/1171490990/exceptions.o
 .sbss          0xa000000c        0x8 build/default/production/_ext/1865638794/plib_tmr1.o
 .sbss          0xa0000014        0x2 build/default/production/_ext/2080046288/drv_bm71.o
 *fill*         0xa0000016        0x2 
 .sbss          0xa0000018       0x10 build/default/production/_ext/2080046288/drv_bm71_command_decode.o
 .sbss          0xa0000028        0xc build/default/production/_ext/2080046288/drv_bm71_command_send.o
 *(.scommon)
 .scommon       0xa0000034       0x16 build/default/production/_ext/2080046288/drv_bm71.o
                0xa0000034                DRV_BM71_SystemStatus
                0xa0000038                DRV_BM71_SPP_RxFifoHead
                0xa000003c                DRV_BM71_tmrHandle
                0xa0000040                DRV_BM71_SPP_RxCounter
                0xa0000044                DRV_BM71_SPP_RxFifoTail
                0xa0000048                gDrvBm71CommonDataObj
 .scommon       0xa000004a        0x0 build/default/production/_ext/2080046288/drv_bm71_ble.o
 .scommon       0xa000004a        0x0 build/default/production/_ext/2080046288/drv_bm71_command_decode.o
 *fill*         0xa000004a        0x2 
 .scommon       0xa000004c        0x4 build/default/production/_ext/2080046288/drv_bm71_command_send.o
                0xa000004c                CMD_SendState
 .scommon       0xa0000050        0x2 build/default/production/_ext/2080046288/drv_bm71_uart.o
                0xa0000050                DRV_BM71_eusartRxCount
                0xa0000051                DRV_BM71_txByteQueued
                0xa0000052                _sbss_end = .
                0xa0000054                . = ALIGN (0x4)
 *fill*         0xa0000052        0x2 

.bss            0xa0000054      0x188
 *(.dynbss)
 *(COMMON)
 COMMON         0xa0000054       0x38 build/default/production/_ext/1865657120/plib_uart1.o
                0xa0000054                uart1Obj
 COMMON         0xa000008c       0x38 build/default/production/_ext/1865657120/plib_uart2.o
                0xa000008c                uart2Obj
 COMMON         0xa00000c4       0x28 build/default/production/_ext/298189674/plib_spi1_master.o
                0xa00000c4                spi1Obj
 COMMON         0xa00000ec       0xf0 build/default/production/_ext/2080046288/drv_bm71.o
                0xa00000ec                DRV_BM71_SPP_RxFifo
                0xa00001b4                gDrvBm71ClientObj
                0xa00001c8                gDrvBm71Obj
                0xa00001dc                . = ALIGN ((. != 0x0)?0x4:0x1)
                0xa00001dc                . = ALIGN (0x4)
                0xa00001dc                _end = .
                0xa00001dc                _bss_end = .
                0x00008000                _bmxdudba_address = 0x8000
                0x00008000                _bmxdupba_address = 0x8000

/DISCARD/
 *(.pdr)
 *(.rel.dyn)
 *(.note.GNU-stack)
 *(.note.GNU-stack)
 *(.gnu_debuglink)
 *(.gnu.lto_*)
 *(.discard)

.gptab.sdata
 *(.gptab.data)
 *(.gptab.sdata)

.gptab.sbss
 *(.gptab.bss)
 *(.gptab.sbss)

.mdebug.abi32   0x00000000        0x0
 *(.mdebug.abi32)
 .mdebug.abi32  0x00000000        0x0 build/default/production/_ext/1434821282/bsp.o
 .mdebug.abi32  0x00000000        0x0 build/default/production/_ext/1865657120/plib_uart1.o
 .mdebug.abi32  0x00000000        0x0 build/default/production/_ext/1865657120/plib_uart2.o
 .mdebug.abi32  0x00000000        0x0 build/default/production/_ext/1360937237/main.o
 .mdebug.abi32  0x00000000        0x0 build/default/production/_ext/1171490990/initialization.o
 .mdebug.abi32  0x00000000        0x0 build/default/production/_ext/1171490990/interrupts.o
 .mdebug.abi32  0x00000000        0x0 build/default/production/_ext/1171490990/exceptions.o
 .mdebug.abi32  0x00000000        0x0 build/default/production/_ext/163028504/xc32_monitor.o
 .mdebug.abi32  0x00000000        0x0 build/default/production/_ext/60165520/plib_clk.o
 .mdebug.abi32  0x00000000        0x0 build/default/production/_ext/1865254177/plib_gpio.o
 .mdebug.abi32  0x00000000        0x0 build/default/production/_ext/1865200349/plib_evic.o
 .mdebug.abi32  0x00000000        0x0 build/default/production/_ext/1865638794/plib_tmr1.o
 .mdebug.abi32  0x00000000        0x0 build/default/production/_ext/298189674/plib_spi1_master.o
 .mdebug.abi32  0x00000000        0x0 build/default/production/_ext/2080046288/drv_bm71.o
 .mdebug.abi32  0x00000000        0x0 build/default/production/_ext/2080046288/drv_bm71_ble.o
 .mdebug.abi32  0x00000000        0x0 build/default/production/_ext/2080046288/drv_bm71_command_decode.o
 .mdebug.abi32  0x00000000        0x0 build/default/production/_ext/2080046288/drv_bm71_command_send.o
 .mdebug.abi32  0x00000000        0x0 build/default/production/_ext/2080046288/drv_bm71_gpio.o
 .mdebug.abi32  0x00000000        0x0 build/default/production/_ext/2080046288/drv_bm71_uart.o
 .mdebug.abi32  0x00000000        0x0 /opt/microchip/xc32/v2.41/bin/bin/../../lib/gcc/pic32mx/4.8.3/../../../../pic32mx/lib/libpic32.a(default-on-reset.o)
 .mdebug.abi32  0x00000000        0x0 /opt/microchip/xc32/v2.41/bin/bin/../../lib/gcc/pic32mx/4.8.3/../../../../pic32mx/lib/libpic32.a(default-on-bootstrap.o)
 .mdebug.abi32  0x00000000        0x0 /opt/microchip/xc32/v2.41/bin/bin/../../lib/gcc/pic32mx/4.8.3/../../../../pic32mx/lib/libpic32.a(defaultinterrupt.o)
 .mdebug.abi32  0x00000000        0x0 /opt/microchip/xc32/v2.41/bin/bin/../../lib/gcc/pic32mx/4.8.3/../../../../pic32mx/lib/libc.a(_iob.o)
 .mdebug.abi32  0x00000000        0x0 /opt/microchip/xc32/v2.41/bin/bin/../../lib/gcc/pic32mx/4.8.3/../../../../pic32mx/lib/libc.a(puts.o)
 .mdebug.abi32  0x00000000        0x0 /opt/microchip/xc32/v2.41/bin/bin/../../lib/gcc/pic32mx/4.8.3/../../../../pic32mx/lib/libc.a(setbuf.o)
 .mdebug.abi32  0x00000000        0x0 /opt/microchip/xc32/v2.41/bin/bin/../../lib/gcc/pic32mx/4.8.3/../../../../pic32mx/lib/libc.a(printf_cdnopuxX.eo)
 .mdebug.abi32  0x00000000        0x0 /opt/microchip/xc32/v2.41/bin/bin/../../lib/gcc/pic32mx/4.8.3/../../../../pic32mx/lib/libc.a(_fputc_simple.o)
 .mdebug.abi32  0x00000000        0x0 /opt/microchip/xc32/v2.41/bin/bin/../../lib/gcc/pic32mx/4.8.3/../../../../pic32mx/lib/libc.a(buf.o)
 .mdebug.abi32  0x00000000        0x0 /opt/microchip/xc32/v2.41/bin/bin/../../lib/gcc/pic32mx/4.8.3/../../../../pic32mx/lib/libc.a(errno.o)
 .mdebug.abi32  0x00000000        0x0 /opt/microchip/xc32/v2.41/bin/bin/../../lib/gcc/pic32mx/4.8.3/../../../../pic32mx/lib/libc.a(doprnt_cdnopuxX.eo)
 .mdebug.abi32  0x00000000        0x0 /opt/microchip/xc32/v2.41/bin/bin/../../lib/gcc/pic32mx/4.8.3/../../../../pic32mx/lib/libc.a(_flsbuf_simple.o)
 .mdebug.abi32  0x00000000        0x0 /opt/microchip/xc32/v2.41/bin/bin/../../lib/gcc/pic32mx/4.8.3/../../../../pic32mx/lib/libc.a(ctype.o)
 .mdebug.abi32  0x00000000        0x0 /opt/microchip/xc32/v2.41/bin/bin/../../lib/gcc/pic32mx/4.8.3/libgcc.a(_udivdi3.o)
 .mdebug.abi32  0x00000000        0x0 /opt/microchip/xc32/v2.41/bin/bin/../../lib/gcc/pic32mx/4.8.3/libgcc.a(_umoddi3.o)
 .mdebug.abi32  0x00000000        0x0 /opt/microchip/xc32/v2.41/bin/bin/../../lib/gcc/pic32mx/4.8.3/../../../../pic32mx/lib/libpic32.a(sbrk.o)
 .mdebug.abi32  0x00000000        0x0 /opt/microchip/xc32/v2.41/bin/bin/../../lib/gcc/pic32mx/4.8.3/../../../../pic32mx/lib/libpic32.a(write.o)

.mdebug.abiN32
 *(.mdebug.abiN32)

.mdebug.abi64
 *(.mdebug.abi64)

.mdebug.abiO64
 *(.mdebug.abiO64)

.mdebug.eabi32
 *(.mdebug.eabi32)

.mdebug.eabi64
 *(.mdebug.eabi64)

.gcc_compiled_long32
 *(.gcc_compiled_long32)

.gcc_compiled_long64
 *(.gcc_compiled_long64)

.stab
 *(.stab)

.stabstr
 *(.stabstr)

.stab.excl
 *(.stab.excl)

.stab.exclstr
 *(.stab.exclstr)

.stab.index
 *(.stab.index)

.stab.indexstr
 *(.stab.indexstr)

.comment        0x00000000       0xed
 *(.comment)
 .comment       0x00000000       0x3c build/default/production/_ext/1434821282/bsp.o
                                 0x3d (size before relaxing)
 .comment       0x00000000       0x3d build/default/production/_ext/1865657120/plib_uart1.o
 .comment       0x00000000       0x3d build/default/production/_ext/1865657120/plib_uart2.o
 .comment       0x00000000       0x3d build/default/production/_ext/1360937237/main.o
 .comment       0x00000000       0x3d build/default/production/_ext/1171490990/initialization.o
 .comment       0x00000000       0x3d build/default/production/_ext/1171490990/interrupts.o
 .comment       0x00000000       0x3d build/default/production/_ext/1171490990/exceptions.o
 .comment       0x00000000       0x3d build/default/production/_ext/163028504/xc32_monitor.o
 .comment       0x00000000       0x3d build/default/production/_ext/60165520/plib_clk.o
 .comment       0x00000000       0x3d build/default/production/_ext/1865254177/plib_gpio.o
 .comment       0x00000000       0x3d build/default/production/_ext/1865200349/plib_evic.o
 .comment       0x00000000       0x3d build/default/production/_ext/1865638794/plib_tmr1.o
 .comment       0x00000000       0x3d build/default/production/_ext/298189674/plib_spi1_master.o
 .comment       0x00000000       0x3d build/default/production/_ext/2080046288/drv_bm71.o
 .comment       0x00000000       0x3d build/default/production/_ext/2080046288/drv_bm71_ble.o
 .comment       0x00000000       0x3d build/default/production/_ext/2080046288/drv_bm71_command_decode.o
 .comment       0x00000000       0x3d build/default/production/_ext/2080046288/drv_bm71_command_send.o
 .comment       0x00000000       0x3d build/default/production/_ext/2080046288/drv_bm71_gpio.o
 .comment       0x00000000       0x3d build/default/production/_ext/2080046288/drv_bm71_uart.o
 .comment       0x00000000       0x3d /opt/microchip/xc32/v2.41/bin/bin/../../lib/gcc/pic32mx/4.8.3/../../../../pic32mx/lib/libpic32.a(default-on-reset.o)
 .comment       0x00000000       0x3d /opt/microchip/xc32/v2.41/bin/bin/../../lib/gcc/pic32mx/4.8.3/../../../../pic32mx/lib/libpic32.a(default-on-bootstrap.o)
 .comment       0x00000000       0x3d /opt/microchip/xc32/v2.41/bin/bin/../../lib/gcc/pic32mx/4.8.3/../../../../pic32mx/lib/libpic32.a(defaultinterrupt.o)
 .comment       0x00000000       0x3d /opt/microchip/xc32/v2.41/bin/bin/../../lib/gcc/pic32mx/4.8.3/../../../../pic32mx/lib/libc.a(_iob.o)
 .comment       0x00000000       0x3d /opt/microchip/xc32/v2.41/bin/bin/../../lib/gcc/pic32mx/4.8.3/../../../../pic32mx/lib/libc.a(puts.o)
 .comment       0x00000000       0x3d /opt/microchip/xc32/v2.41/bin/bin/../../lib/gcc/pic32mx/4.8.3/../../../../pic32mx/lib/libc.a(setbuf.o)
 .comment       0x00000000       0x3d /opt/microchip/xc32/v2.41/bin/bin/../../lib/gcc/pic32mx/4.8.3/../../../../pic32mx/lib/libc.a(printf_cdnopuxX.eo)
 .comment       0x00000000       0x3d /opt/microchip/xc32/v2.41/bin/bin/../../lib/gcc/pic32mx/4.8.3/../../../../pic32mx/lib/libc.a(_fputc_simple.o)
 .comment       0x00000000       0x3d /opt/microchip/xc32/v2.41/bin/bin/../../lib/gcc/pic32mx/4.8.3/../../../../pic32mx/lib/libc.a(buf.o)
 .comment       0x00000000       0x3d /opt/microchip/xc32/v2.41/bin/bin/../../lib/gcc/pic32mx/4.8.3/../../../../pic32mx/lib/libc.a(errno.o)
 .comment       0x00000000       0x3d /opt/microchip/xc32/v2.41/bin/bin/../../lib/gcc/pic32mx/4.8.3/../../../../pic32mx/lib/libc.a(doprnt_cdnopuxX.eo)
 .comment       0x00000000       0x3d /opt/microchip/xc32/v2.41/bin/bin/../../lib/gcc/pic32mx/4.8.3/../../../../pic32mx/lib/libc.a(_flsbuf_simple.o)
 .comment       0x0000003c       0x4e /opt/microchip/xc32/v2.41/bin/bin/../../lib/gcc/pic32mx/4.8.3/../../../../pic32mx/lib/libc.a(ctype.o)
                                 0x8b (size before relaxing)
 .comment       0x00000000       0x3d /opt/microchip/xc32/v2.41/bin/bin/../../lib/gcc/pic32mx/4.8.3/libgcc.a(_udivdi3.o)
 .comment       0x00000000       0x3d /opt/microchip/xc32/v2.41/bin/bin/../../lib/gcc/pic32mx/4.8.3/libgcc.a(_umoddi3.o)
 .comment       0x0000008a       0x4b /opt/microchip/xc32/v2.41/bin/bin/../../lib/gcc/pic32mx/4.8.3/../../../../pic32mx/lib/libpic32.a(sbrk.o)
                                 0x88 (size before relaxing)
 .comment       0x00000000       0x3d /opt/microchip/xc32/v2.41/bin/bin/../../lib/gcc/pic32mx/4.8.3/../../../../pic32mx/lib/libpic32.a(write.o)
 .comment       0x000000d5       0x18 /opt/microchip/xc32/v2.41/bin/bin/../../lib/gcc/pic32mx/4.8.3/../../../../pic32mx/lib/libpic32.a(memset.o)
                                 0x19 (size before relaxing)

.debug
 *.elf(.debug)
 *(.debug)

.line
 *.elf(.line)
 *(.line)

.debug_srcinfo
 *.elf(.debug_srcinfo)
 *(.debug_srcinfo)

.debug_sfnames
 *.elf(.debug_sfnames)
 *(.debug_sfnames)

.debug_aranges  0x00000000      0x7d8
 *.elf(.debug_aranges)
 *(.debug_aranges)
 .debug_aranges
                0x00000000       0x20 build/default/production/_ext/1434821282/bsp.o
 .debug_aranges
                0x00000020       0xb0 build/default/production/_ext/1865657120/plib_uart1.o
 .debug_aranges
                0x000000d0       0xb0 build/default/production/_ext/1865657120/plib_uart2.o
 .debug_aranges
                0x00000180       0x20 build/default/production/_ext/1360937237/main.o
 .debug_aranges
                0x000001a0       0x20 build/default/production/_ext/1171490990/initialization.o
 .debug_aranges
                0x000001c0       0x30 build/default/production/_ext/1171490990/interrupts.o
 .debug_aranges
                0x000001f0       0x28 build/default/production/_ext/1171490990/exceptions.o
 .debug_aranges
                0x00000218       0x28 build/default/production/_ext/163028504/xc32_monitor.o
 .debug_aranges
                0x00000240       0x20 build/default/production/_ext/60165520/plib_clk.o
 .debug_aranges
                0x00000260       0x60 build/default/production/_ext/1865254177/plib_gpio.o
 .debug_aranges
                0x000002c0       0x50 build/default/production/_ext/1865200349/plib_evic.o
 .debug_aranges
                0x00000310       0x70 build/default/production/_ext/1865638794/plib_tmr1.o
 .debug_aranges
                0x00000380       0x58 build/default/production/_ext/298189674/plib_spi1_master.o
 .debug_aranges
                0x000003d8       0xa8 build/default/production/_ext/2080046288/drv_bm71.o
 .debug_aranges
                0x00000480       0x60 build/default/production/_ext/2080046288/drv_bm71_ble.o
 .debug_aranges
                0x000004e0       0x38 build/default/production/_ext/2080046288/drv_bm71_command_decode.o
 .debug_aranges
                0x00000518       0x48 build/default/production/_ext/2080046288/drv_bm71_command_send.o
 .debug_aranges
                0x00000560       0x38 build/default/production/_ext/2080046288/drv_bm71_gpio.o
 .debug_aranges
                0x00000598       0x48 build/default/production/_ext/2080046288/drv_bm71_uart.o
 .debug_aranges
                0x000005e0       0x20 /opt/microchip/xc32/v2.41/bin/bin/../../lib/gcc/pic32mx/4.8.3/../../../../pic32mx/lib/libpic32.a(default-on-reset.o)
 .debug_aranges
                0x00000600       0x20 /opt/microchip/xc32/v2.41/bin/bin/../../lib/gcc/pic32mx/4.8.3/../../../../pic32mx/lib/libpic32.a(default-on-bootstrap.o)
 .debug_aranges
                0x00000620       0x20 /opt/microchip/xc32/v2.41/bin/bin/../../lib/gcc/pic32mx/4.8.3/../../../../pic32mx/lib/libpic32.a(defaultinterrupt.o)
 .debug_aranges
                0x00000640       0x28 /opt/microchip/xc32/v2.41/bin/bin/../../lib/gcc/pic32mx/4.8.3/../../../../pic32mx/lib/libc.a(puts.o)
 .debug_aranges
                0x00000668       0x28 /opt/microchip/xc32/v2.41/bin/bin/../../lib/gcc/pic32mx/4.8.3/../../../../pic32mx/lib/libc.a(setbuf.o)
 .debug_aranges
                0x00000690       0x20 /opt/microchip/xc32/v2.41/bin/bin/../../lib/gcc/pic32mx/4.8.3/../../../../pic32mx/lib/libc.a(printf_cdnopuxX.eo)
 .debug_aranges
                0x000006b0       0x20 /opt/microchip/xc32/v2.41/bin/bin/../../lib/gcc/pic32mx/4.8.3/../../../../pic32mx/lib/libc.a(_fputc_simple.o)
 .debug_aranges
                0x000006d0       0x28 /opt/microchip/xc32/v2.41/bin/bin/../../lib/gcc/pic32mx/4.8.3/../../../../pic32mx/lib/libc.a(buf.o)
 .debug_aranges
                0x000006f8       0x20 /opt/microchip/xc32/v2.41/bin/bin/../../lib/gcc/pic32mx/4.8.3/../../../../pic32mx/lib/libc.a(doprnt_cdnopuxX.eo)
 .debug_aranges
                0x00000718       0x20 /opt/microchip/xc32/v2.41/bin/bin/../../lib/gcc/pic32mx/4.8.3/../../../../pic32mx/lib/libc.a(_flsbuf_simple.o)
 .debug_aranges
                0x00000738       0x20 /opt/microchip/xc32/v2.41/bin/bin/../../lib/gcc/pic32mx/4.8.3/libgcc.a(_udivdi3.o)
 .debug_aranges
                0x00000758       0x20 /opt/microchip/xc32/v2.41/bin/bin/../../lib/gcc/pic32mx/4.8.3/libgcc.a(_umoddi3.o)
 .debug_aranges
                0x00000778       0x40 /opt/microchip/xc32/v2.41/bin/bin/../../lib/gcc/pic32mx/4.8.3/../../../../pic32mx/lib/libpic32.a(sbrk.o)
 .debug_aranges
                0x000007b8       0x20 /opt/microchip/xc32/v2.41/bin/bin/../../lib/gcc/pic32mx/4.8.3/../../../../pic32mx/lib/libpic32.a(write.o)

.debug_pubnames
 *.elf(.debug_pubnames)
 *(.debug_pubnames)

.debug_info     0x00000000     0xb318
 *.elf(.debug_info .gnu.linkonce.wi.*)
 *(.debug_info .gnu.linkonce.wi.*)
 .debug_info    0x00000000      0x15e build/default/production/_ext/1434821282/bsp.o
 .debug_info    0x0000015e     0x1163 build/default/production/_ext/1865657120/plib_uart1.o
 .debug_info    0x000012c1     0x1163 build/default/production/_ext/1865657120/plib_uart2.o
 .debug_info    0x00002424      0x180 build/default/production/_ext/1360937237/main.o
 .debug_info    0x000025a4      0x4ef build/default/production/_ext/1171490990/initialization.o
 .debug_info    0x00002a93      0x1ff build/default/production/_ext/1171490990/interrupts.o
 .debug_info    0x00002c92      0x29e build/default/production/_ext/1171490990/exceptions.o
 .debug_info    0x00002f30      0x270 build/default/production/_ext/163028504/xc32_monitor.o
 .debug_info    0x000031a0      0x204 build/default/production/_ext/60165520/plib_clk.o
 .debug_info    0x000033a4      0x469 build/default/production/_ext/1865254177/plib_gpio.o
 .debug_info    0x0000380d      0xa47 build/default/production/_ext/1865200349/plib_evic.o
 .debug_info    0x00004254      0x759 build/default/production/_ext/1865638794/plib_tmr1.o
 .debug_info    0x000049ad      0x910 build/default/production/_ext/298189674/plib_spi1_master.o
 .debug_info    0x000052bd     0x16b5 build/default/production/_ext/2080046288/drv_bm71.o
 .debug_info    0x00006972     0x1119 build/default/production/_ext/2080046288/drv_bm71_ble.o
 .debug_info    0x00007a8b      0xe69 build/default/production/_ext/2080046288/drv_bm71_command_decode.o
 .debug_info    0x000088f4      0x6f5 build/default/production/_ext/2080046288/drv_bm71_command_send.o
 .debug_info    0x00008fe9      0x259 build/default/production/_ext/2080046288/drv_bm71_gpio.o
 .debug_info    0x00009242      0x7ca build/default/production/_ext/2080046288/drv_bm71_uart.o
 .debug_info    0x00009a0c       0xcd /opt/microchip/xc32/v2.41/bin/bin/../../lib/gcc/pic32mx/4.8.3/../../../../pic32mx/lib/libpic32.a(default-on-reset.o)
 .debug_info    0x00009ad9       0xd5 /opt/microchip/xc32/v2.41/bin/bin/../../lib/gcc/pic32mx/4.8.3/../../../../pic32mx/lib/libpic32.a(default-on-bootstrap.o)
 .debug_info    0x00009bae       0xe7 /opt/microchip/xc32/v2.41/bin/bin/../../lib/gcc/pic32mx/4.8.3/../../../../pic32mx/lib/libpic32.a(defaultinterrupt.o)
 .debug_info    0x00009c95       0xd5 /opt/microchip/xc32/v2.41/bin/bin/../../lib/gcc/pic32mx/4.8.3/../../../../pic32mx/lib/libc.a(puts.o)
 .debug_info    0x00009d6a       0xdb /opt/microchip/xc32/v2.41/bin/bin/../../lib/gcc/pic32mx/4.8.3/../../../../pic32mx/lib/libc.a(setbuf.o)
 .debug_info    0x00009e45       0xce /opt/microchip/xc32/v2.41/bin/bin/../../lib/gcc/pic32mx/4.8.3/../../../../pic32mx/lib/libc.a(printf_cdnopuxX.eo)
 .debug_info    0x00009f13       0xc2 /opt/microchip/xc32/v2.41/bin/bin/../../lib/gcc/pic32mx/4.8.3/../../../../pic32mx/lib/libc.a(_fputc_simple.o)
 .debug_info    0x00009fd5       0xea /opt/microchip/xc32/v2.41/bin/bin/../../lib/gcc/pic32mx/4.8.3/../../../../pic32mx/lib/libc.a(buf.o)
 .debug_info    0x0000a0bf       0xd1 /opt/microchip/xc32/v2.41/bin/bin/../../lib/gcc/pic32mx/4.8.3/../../../../pic32mx/lib/libc.a(doprnt_cdnopuxX.eo)
 .debug_info    0x0000a190       0xc5 /opt/microchip/xc32/v2.41/bin/bin/../../lib/gcc/pic32mx/4.8.3/../../../../pic32mx/lib/libc.a(_flsbuf_simple.o)
 .debug_info    0x0000a255      0x74b /opt/microchip/xc32/v2.41/bin/bin/../../lib/gcc/pic32mx/4.8.3/libgcc.a(_udivdi3.o)
 .debug_info    0x0000a9a0      0x788 /opt/microchip/xc32/v2.41/bin/bin/../../lib/gcc/pic32mx/4.8.3/libgcc.a(_umoddi3.o)
 .debug_info    0x0000b128      0x131 /opt/microchip/xc32/v2.41/bin/bin/../../lib/gcc/pic32mx/4.8.3/../../../../pic32mx/lib/libpic32.a(sbrk.o)
 .debug_info    0x0000b259       0xbf /opt/microchip/xc32/v2.41/bin/bin/../../lib/gcc/pic32mx/4.8.3/../../../../pic32mx/lib/libpic32.a(write.o)

.debug_abbrev   0x00000000     0x1f98
 *.elf(.debug_abbrev)
 *(.debug_abbrev)
 .debug_abbrev  0x00000000       0x39 build/default/production/_ext/1434821282/bsp.o
 .debug_abbrev  0x00000039      0x340 build/default/production/_ext/1865657120/plib_uart1.o
 .debug_abbrev  0x00000379      0x340 build/default/production/_ext/1865657120/plib_uart2.o
 .debug_abbrev  0x000006b9       0x73 build/default/production/_ext/1360937237/main.o
 .debug_abbrev  0x0000072c      0x191 build/default/production/_ext/1171490990/initialization.o
 .debug_abbrev  0x000008bd       0x6f build/default/production/_ext/1171490990/interrupts.o
 .debug_abbrev  0x0000092c       0x6b build/default/production/_ext/1171490990/exceptions.o
 .debug_abbrev  0x00000997       0xee build/default/production/_ext/163028504/xc32_monitor.o
 .debug_abbrev  0x00000a85       0x5e build/default/production/_ext/60165520/plib_clk.o
 .debug_abbrev  0x00000ae3       0xd7 build/default/production/_ext/1865254177/plib_gpio.o
 .debug_abbrev  0x00000bba       0xef build/default/production/_ext/1865200349/plib_evic.o
 .debug_abbrev  0x00000ca9      0x1c4 build/default/production/_ext/1865638794/plib_tmr1.o
 .debug_abbrev  0x00000e6d      0x219 build/default/production/_ext/298189674/plib_spi1_master.o
 .debug_abbrev  0x00001086      0x332 build/default/production/_ext/2080046288/drv_bm71.o
 .debug_abbrev  0x000013b8      0x1de build/default/production/_ext/2080046288/drv_bm71_ble.o
 .debug_abbrev  0x00001596      0x19e build/default/production/_ext/2080046288/drv_bm71_command_decode.o
 .debug_abbrev  0x00001734      0x17f build/default/production/_ext/2080046288/drv_bm71_command_send.o
 .debug_abbrev  0x000018b3       0x78 build/default/production/_ext/2080046288/drv_bm71_gpio.o
 .debug_abbrev  0x0000192b      0x1bb build/default/production/_ext/2080046288/drv_bm71_uart.o
 .debug_abbrev  0x00001ae6       0x28 /opt/microchip/xc32/v2.41/bin/bin/../../lib/gcc/pic32mx/4.8.3/../../../../pic32mx/lib/libpic32.a(default-on-reset.o)
 .debug_abbrev  0x00001b0e       0x28 /opt/microchip/xc32/v2.41/bin/bin/../../lib/gcc/pic32mx/4.8.3/../../../../pic32mx/lib/libpic32.a(default-on-bootstrap.o)
 .debug_abbrev  0x00001b36       0x28 /opt/microchip/xc32/v2.41/bin/bin/../../lib/gcc/pic32mx/4.8.3/../../../../pic32mx/lib/libpic32.a(defaultinterrupt.o)
 .debug_abbrev  0x00001b5e       0x28 /opt/microchip/xc32/v2.41/bin/bin/../../lib/gcc/pic32mx/4.8.3/../../../../pic32mx/lib/libc.a(puts.o)
 .debug_abbrev  0x00001b86       0x28 /opt/microchip/xc32/v2.41/bin/bin/../../lib/gcc/pic32mx/4.8.3/../../../../pic32mx/lib/libc.a(setbuf.o)
 .debug_abbrev  0x00001bae       0x28 /opt/microchip/xc32/v2.41/bin/bin/../../lib/gcc/pic32mx/4.8.3/../../../../pic32mx/lib/libc.a(printf_cdnopuxX.eo)
 .debug_abbrev  0x00001bd6       0x28 /opt/microchip/xc32/v2.41/bin/bin/../../lib/gcc/pic32mx/4.8.3/../../../../pic32mx/lib/libc.a(_fputc_simple.o)
 .debug_abbrev  0x00001bfe       0x4f /opt/microchip/xc32/v2.41/bin/bin/../../lib/gcc/pic32mx/4.8.3/../../../../pic32mx/lib/libc.a(buf.o)
 .debug_abbrev  0x00001c4d       0x28 /opt/microchip/xc32/v2.41/bin/bin/../../lib/gcc/pic32mx/4.8.3/../../../../pic32mx/lib/libc.a(doprnt_cdnopuxX.eo)
 .debug_abbrev  0x00001c75       0x28 /opt/microchip/xc32/v2.41/bin/bin/../../lib/gcc/pic32mx/4.8.3/../../../../pic32mx/lib/libc.a(_flsbuf_simple.o)
 .debug_abbrev  0x00001c9d      0x138 /opt/microchip/xc32/v2.41/bin/bin/../../lib/gcc/pic32mx/4.8.3/libgcc.a(_udivdi3.o)
 .debug_abbrev  0x00001dd5      0x147 /opt/microchip/xc32/v2.41/bin/bin/../../lib/gcc/pic32mx/4.8.3/libgcc.a(_umoddi3.o)
 .debug_abbrev  0x00001f1c       0x54 /opt/microchip/xc32/v2.41/bin/bin/../../lib/gcc/pic32mx/4.8.3/../../../../pic32mx/lib/libpic32.a(sbrk.o)
 .debug_abbrev  0x00001f70       0x28 /opt/microchip/xc32/v2.41/bin/bin/../../lib/gcc/pic32mx/4.8.3/../../../../pic32mx/lib/libpic32.a(write.o)

.debug_line     0x00000000     0x2f28
 *.elf(.debug_line)
 *(.debug_line)
 .debug_line    0x00000000       0x64 build/default/production/_ext/1434821282/bsp.o
 .debug_line    0x00000064      0x3d0 build/default/production/_ext/1865657120/plib_uart1.o
 .debug_line    0x00000434      0x3d0 build/default/production/_ext/1865657120/plib_uart2.o
 .debug_line    0x00000804       0x8d build/default/production/_ext/1360937237/main.o
 .debug_line    0x00000891      0x3b5 build/default/production/_ext/1171490990/initialization.o
 .debug_line    0x00000c46       0x96 build/default/production/_ext/1171490990/interrupts.o
 .debug_line    0x00000cdc       0x7b build/default/production/_ext/1171490990/exceptions.o
 .debug_line    0x00000d57      0x151 build/default/production/_ext/163028504/xc32_monitor.o
 .debug_line    0x00000ea8      0x120 build/default/production/_ext/60165520/plib_clk.o
 .debug_line    0x00000fc8      0x1b3 build/default/production/_ext/1865254177/plib_gpio.o
 .debug_line    0x0000117b      0x19d build/default/production/_ext/1865200349/plib_evic.o
 .debug_line    0x00001318      0x1e6 build/default/production/_ext/1865638794/plib_tmr1.o
 .debug_line    0x000014fe      0x2ea build/default/production/_ext/298189674/plib_spi1_master.o
 .debug_line    0x000017e8      0x4ff build/default/production/_ext/2080046288/drv_bm71.o
 .debug_line    0x00001ce7      0x264 build/default/production/_ext/2080046288/drv_bm71_ble.o
 .debug_line    0x00001f4b      0x275 build/default/production/_ext/2080046288/drv_bm71_command_decode.o
 .debug_line    0x000021c0      0x189 build/default/production/_ext/2080046288/drv_bm71_command_send.o
 .debug_line    0x00002349      0x14d build/default/production/_ext/2080046288/drv_bm71_gpio.o
 .debug_line    0x00002496      0x248 build/default/production/_ext/2080046288/drv_bm71_uart.o
 .debug_line    0x000026de       0x93 /opt/microchip/xc32/v2.41/bin/bin/../../lib/gcc/pic32mx/4.8.3/../../../../pic32mx/lib/libpic32.a(default-on-reset.o)
 .debug_line    0x00002771       0x97 /opt/microchip/xc32/v2.41/bin/bin/../../lib/gcc/pic32mx/4.8.3/../../../../pic32mx/lib/libpic32.a(default-on-bootstrap.o)
 .debug_line    0x00002808       0xa5 /opt/microchip/xc32/v2.41/bin/bin/../../lib/gcc/pic32mx/4.8.3/../../../../pic32mx/lib/libpic32.a(defaultinterrupt.o)
 .debug_line    0x000028ad        0x0 /opt/microchip/xc32/v2.41/bin/bin/../../lib/gcc/pic32mx/4.8.3/../../../../pic32mx/lib/libc.a(_iob.o)
 .debug_line    0x000028ad       0x7c /opt/microchip/xc32/v2.41/bin/bin/../../lib/gcc/pic32mx/4.8.3/../../../../pic32mx/lib/libc.a(puts.o)
 .debug_line    0x00002929       0x7e /opt/microchip/xc32/v2.41/bin/bin/../../lib/gcc/pic32mx/4.8.3/../../../../pic32mx/lib/libc.a(setbuf.o)
 .debug_line    0x000029a7       0x7e /opt/microchip/xc32/v2.41/bin/bin/../../lib/gcc/pic32mx/4.8.3/../../../../pic32mx/lib/libc.a(printf_cdnopuxX.eo)
 .debug_line    0x00002a25       0x7d /opt/microchip/xc32/v2.41/bin/bin/../../lib/gcc/pic32mx/4.8.3/../../../../pic32mx/lib/libc.a(_fputc_simple.o)
 .debug_line    0x00002aa2       0x7b /opt/microchip/xc32/v2.41/bin/bin/../../lib/gcc/pic32mx/4.8.3/../../../../pic32mx/lib/libc.a(buf.o)
 .debug_line    0x00002b1d        0x0 /opt/microchip/xc32/v2.41/bin/bin/../../lib/gcc/pic32mx/4.8.3/../../../../pic32mx/lib/libc.a(errno.o)
 .debug_line    0x00002b1d       0x7e /opt/microchip/xc32/v2.41/bin/bin/../../lib/gcc/pic32mx/4.8.3/../../../../pic32mx/lib/libc.a(doprnt_cdnopuxX.eo)
 .debug_line    0x00002b9b       0x7e /opt/microchip/xc32/v2.41/bin/bin/../../lib/gcc/pic32mx/4.8.3/../../../../pic32mx/lib/libc.a(_flsbuf_simple.o)
 .debug_line    0x00002c19        0x0 /opt/microchip/xc32/v2.41/bin/bin/../../lib/gcc/pic32mx/4.8.3/../../../../pic32mx/lib/libc.a(ctype.o)
 .debug_line    0x00002c19       0xf7 /opt/microchip/xc32/v2.41/bin/bin/../../lib/gcc/pic32mx/4.8.3/libgcc.a(_udivdi3.o)
 .debug_line    0x00002d10      0x109 /opt/microchip/xc32/v2.41/bin/bin/../../lib/gcc/pic32mx/4.8.3/libgcc.a(_umoddi3.o)
 .debug_line    0x00002e19       0x87 /opt/microchip/xc32/v2.41/bin/bin/../../lib/gcc/pic32mx/4.8.3/../../../../pic32mx/lib/libpic32.a(sbrk.o)
 .debug_line    0x00002ea0       0x88 /opt/microchip/xc32/v2.41/bin/bin/../../lib/gcc/pic32mx/4.8.3/../../../../pic32mx/lib/libpic32.a(write.o)

.debug_frame    0x00000000      0xf98
 *.elf(.debug_frame)
 *(.debug_frame)
 .debug_frame   0x00000000       0x20 build/default/production/_ext/1434821282/bsp.o
 .debug_frame   0x00000020      0x188 build/default/production/_ext/1865657120/plib_uart1.o
 .debug_frame   0x000001a8      0x188 build/default/production/_ext/1865657120/plib_uart2.o
 .debug_frame   0x00000330       0x28 build/default/production/_ext/1360937237/main.o
 .debug_frame   0x00000358       0x2c build/default/production/_ext/1171490990/initialization.o
 .debug_frame   0x00000384       0xbc build/default/production/_ext/1171490990/interrupts.o
 .debug_frame   0x00000440       0x40 build/default/production/_ext/1171490990/exceptions.o
 .debug_frame   0x00000480       0x48 build/default/production/_ext/163028504/xc32_monitor.o
 .debug_frame   0x000004c8       0x20 build/default/production/_ext/60165520/plib_clk.o
 .debug_frame   0x000004e8       0xa0 build/default/production/_ext/1865254177/plib_gpio.o
 .debug_frame   0x00000588       0x80 build/default/production/_ext/1865200349/plib_evic.o
 .debug_frame   0x00000608       0xcc build/default/production/_ext/1865638794/plib_tmr1.o
 .debug_frame   0x000006d4       0xb4 build/default/production/_ext/298189674/plib_spi1_master.o
 .debug_frame   0x00000788      0x1c4 build/default/production/_ext/2080046288/drv_bm71.o
 .debug_frame   0x0000094c      0x10c build/default/production/_ext/2080046288/drv_bm71_ble.o
 .debug_frame   0x00000a58       0x88 build/default/production/_ext/2080046288/drv_bm71_command_decode.o
 .debug_frame   0x00000ae0       0xa0 build/default/production/_ext/2080046288/drv_bm71_command_send.o
 .debug_frame   0x00000b80       0x50 build/default/production/_ext/2080046288/drv_bm71_gpio.o
 .debug_frame   0x00000bd0       0x94 build/default/production/_ext/2080046288/drv_bm71_uart.o
 .debug_frame   0x00000c64       0x20 /opt/microchip/xc32/v2.41/bin/bin/../../lib/gcc/pic32mx/4.8.3/../../../../pic32mx/lib/libpic32.a(default-on-reset.o)
 .debug_frame   0x00000c84       0x20 /opt/microchip/xc32/v2.41/bin/bin/../../lib/gcc/pic32mx/4.8.3/../../../../pic32mx/lib/libpic32.a(default-on-bootstrap.o)
 .debug_frame   0x00000ca4       0x20 /opt/microchip/xc32/v2.41/bin/bin/../../lib/gcc/pic32mx/4.8.3/../../../../pic32mx/lib/libpic32.a(defaultinterrupt.o)
 .debug_frame   0x00000cc4       0x50 /opt/microchip/xc32/v2.41/bin/bin/../../lib/gcc/pic32mx/4.8.3/../../../../pic32mx/lib/libc.a(puts.o)
 .debug_frame   0x00000d14       0x54 /opt/microchip/xc32/v2.41/bin/bin/../../lib/gcc/pic32mx/4.8.3/../../../../pic32mx/lib/libc.a(setbuf.o)
 .debug_frame   0x00000d68       0x2c /opt/microchip/xc32/v2.41/bin/bin/../../lib/gcc/pic32mx/4.8.3/../../../../pic32mx/lib/libc.a(printf_cdnopuxX.eo)
 .debug_frame   0x00000d94       0x30 /opt/microchip/xc32/v2.41/bin/bin/../../lib/gcc/pic32mx/4.8.3/../../../../pic32mx/lib/libc.a(_fputc_simple.o)
 .debug_frame   0x00000dc4       0x40 /opt/microchip/xc32/v2.41/bin/bin/../../lib/gcc/pic32mx/4.8.3/../../../../pic32mx/lib/libc.a(buf.o)
 .debug_frame   0x00000e04       0x40 /opt/microchip/xc32/v2.41/bin/bin/../../lib/gcc/pic32mx/4.8.3/../../../../pic32mx/lib/libc.a(doprnt_cdnopuxX.eo)
 .debug_frame   0x00000e44       0x38 /opt/microchip/xc32/v2.41/bin/bin/../../lib/gcc/pic32mx/4.8.3/../../../../pic32mx/lib/libc.a(_flsbuf_simple.o)
 .debug_frame   0x00000e7c       0x20 /opt/microchip/xc32/v2.41/bin/bin/../../lib/gcc/pic32mx/4.8.3/libgcc.a(_udivdi3.o)
 .debug_frame   0x00000e9c       0x20 /opt/microchip/xc32/v2.41/bin/bin/../../lib/gcc/pic32mx/4.8.3/libgcc.a(_umoddi3.o)
 .debug_frame   0x00000ebc       0xa4 /opt/microchip/xc32/v2.41/bin/bin/../../lib/gcc/pic32mx/4.8.3/../../../../pic32mx/lib/libpic32.a(sbrk.o)
 .debug_frame   0x00000f60       0x38 /opt/microchip/xc32/v2.41/bin/bin/../../lib/gcc/pic32mx/4.8.3/../../../../pic32mx/lib/libpic32.a(write.o)

.debug_str      0x00000000      0x1f8
 *.elf(.debug_str)
 *(.debug_str)
 .debug_str     0x00000000        0x0 build/default/production/_ext/1434821282/bsp.o
 .debug_str     0x00000000       0xa5 build/default/production/_ext/1865657120/plib_uart1.o
 .debug_str     0x000000a5       0xa5 build/default/production/_ext/1865657120/plib_uart2.o
 .debug_str     0x0000014a        0x0 build/default/production/_ext/1360937237/main.o
 .debug_str     0x0000014a        0x0 build/default/production/_ext/1171490990/initialization.o
 .debug_str     0x0000014a        0x0 build/default/production/_ext/1171490990/interrupts.o
 .debug_str     0x0000014a        0x0 build/default/production/_ext/1171490990/exceptions.o
 .debug_str     0x0000014a        0x0 build/default/production/_ext/163028504/xc32_monitor.o
 .debug_str     0x0000014a        0x0 build/default/production/_ext/60165520/plib_clk.o
 .debug_str     0x0000014a        0xa build/default/production/_ext/1865254177/plib_gpio.o
 .debug_str     0x00000154        0x7 build/default/production/_ext/1865200349/plib_evic.o
 .debug_str     0x0000015b        0xc build/default/production/_ext/1865638794/plib_tmr1.o
 .debug_str     0x00000167       0x32 build/default/production/_ext/298189674/plib_spi1_master.o
 .debug_str     0x00000199       0x37 build/default/production/_ext/2080046288/drv_bm71.o
 .debug_str     0x000001d0       0x16 build/default/production/_ext/2080046288/drv_bm71_ble.o
 .debug_str     0x000001e6        0x0 build/default/production/_ext/2080046288/drv_bm71_command_decode.o
 .debug_str     0x000001e6        0x0 build/default/production/_ext/2080046288/drv_bm71_command_send.o
 .debug_str     0x000001e6        0x0 build/default/production/_ext/2080046288/drv_bm71_gpio.o
 .debug_str     0x000001e6       0x12 build/default/production/_ext/2080046288/drv_bm71_uart.o
 .debug_str     0x000001f8        0x0 /opt/microchip/xc32/v2.41/bin/bin/../../lib/gcc/pic32mx/4.8.3/../../../../pic32mx/lib/libpic32.a(default-on-reset.o)
 .debug_str     0x000001f8        0x0 /opt/microchip/xc32/v2.41/bin/bin/../../lib/gcc/pic32mx/4.8.3/../../../../pic32mx/lib/libpic32.a(default-on-bootstrap.o)
 .debug_str     0x000001f8        0x0 /opt/microchip/xc32/v2.41/bin/bin/../../lib/gcc/pic32mx/4.8.3/../../../../pic32mx/lib/libpic32.a(defaultinterrupt.o)
 .debug_str     0x000001f8        0x0 /opt/microchip/xc32/v2.41/bin/bin/../../lib/gcc/pic32mx/4.8.3/../../../../pic32mx/lib/libc.a(_iob.o)
 .debug_str     0x000001f8        0x0 /opt/microchip/xc32/v2.41/bin/bin/../../lib/gcc/pic32mx/4.8.3/../../../../pic32mx/lib/libc.a(puts.o)
 .debug_str     0x000001f8        0x0 /opt/microchip/xc32/v2.41/bin/bin/../../lib/gcc/pic32mx/4.8.3/../../../../pic32mx/lib/libc.a(setbuf.o)
 .debug_str     0x000001f8        0x0 /opt/microchip/xc32/v2.41/bin/bin/../../lib/gcc/pic32mx/4.8.3/../../../../pic32mx/lib/libc.a(printf_cdnopuxX.eo)
 .debug_str     0x000001f8        0x0 /opt/microchip/xc32/v2.41/bin/bin/../../lib/gcc/pic32mx/4.8.3/../../../../pic32mx/lib/libc.a(_fputc_simple.o)
 .debug_str     0x000001f8        0x0 /opt/microchip/xc32/v2.41/bin/bin/../../lib/gcc/pic32mx/4.8.3/../../../../pic32mx/lib/libc.a(buf.o)
 .debug_str     0x000001f8        0x0 /opt/microchip/xc32/v2.41/bin/bin/../../lib/gcc/pic32mx/4.8.3/../../../../pic32mx/lib/libc.a(errno.o)
 .debug_str     0x000001f8        0x0 /opt/microchip/xc32/v2.41/bin/bin/../../lib/gcc/pic32mx/4.8.3/../../../../pic32mx/lib/libc.a(doprnt_cdnopuxX.eo)
 .debug_str     0x000001f8        0x0 /opt/microchip/xc32/v2.41/bin/bin/../../lib/gcc/pic32mx/4.8.3/../../../../pic32mx/lib/libc.a(_flsbuf_simple.o)
 .debug_str     0x000001f8        0x0 /opt/microchip/xc32/v2.41/bin/bin/../../lib/gcc/pic32mx/4.8.3/../../../../pic32mx/lib/libc.a(ctype.o)
 .debug_str     0x000001f8        0x0 /opt/microchip/xc32/v2.41/bin/bin/../../lib/gcc/pic32mx/4.8.3/libgcc.a(_udivdi3.o)
 .debug_str     0x000001f8        0x0 /opt/microchip/xc32/v2.41/bin/bin/../../lib/gcc/pic32mx/4.8.3/libgcc.a(_umoddi3.o)
 .debug_str     0x000001f8        0x0 /opt/microchip/xc32/v2.41/bin/bin/../../lib/gcc/pic32mx/4.8.3/../../../../pic32mx/lib/libpic32.a(sbrk.o)
 .debug_str     0x000001f8        0x0 /opt/microchip/xc32/v2.41/bin/bin/../../lib/gcc/pic32mx/4.8.3/../../../../pic32mx/lib/libpic32.a(write.o)

.debug_loc      0x00000000     0x34b3
 *.elf(.debug_loc)
 *(.debug_loc)
 .debug_loc     0x00000000      0x70b build/default/production/_ext/1865657120/plib_uart1.o
 .debug_loc     0x0000070b      0x70b build/default/production/_ext/1865657120/plib_uart2.o
 .debug_loc     0x00000e16       0x21 build/default/production/_ext/1171490990/initialization.o
 .debug_loc     0x00000e37       0x77 build/default/production/_ext/163028504/xc32_monitor.o
 .debug_loc     0x00000eae      0x129 build/default/production/_ext/1865254177/plib_gpio.o
 .debug_loc     0x00000fd7       0xc4 build/default/production/_ext/1865200349/plib_evic.o
 .debug_loc     0x0000109b       0x13 build/default/production/_ext/1865638794/plib_tmr1.o
 .debug_loc     0x000010ae      0x3e9 build/default/production/_ext/298189674/plib_spi1_master.o
 .debug_loc     0x00001497      0x5fb build/default/production/_ext/2080046288/drv_bm71.o
 .debug_loc     0x00001a92      0x2a6 build/default/production/_ext/2080046288/drv_bm71_ble.o
 .debug_loc     0x00001d38       0x3f build/default/production/_ext/2080046288/drv_bm71_command_decode.o
 .debug_loc     0x00001d77      0x18d build/default/production/_ext/2080046288/drv_bm71_command_send.o
 .debug_loc     0x00001f04       0x58 build/default/production/_ext/2080046288/drv_bm71_uart.o
 .debug_loc     0x00001f5c      0xa6a /opt/microchip/xc32/v2.41/bin/bin/../../lib/gcc/pic32mx/4.8.3/libgcc.a(_udivdi3.o)
 .debug_loc     0x000029c6      0xa3d /opt/microchip/xc32/v2.41/bin/bin/../../lib/gcc/pic32mx/4.8.3/libgcc.a(_umoddi3.o)
 .debug_loc     0x00003403       0x78 /opt/microchip/xc32/v2.41/bin/bin/../../lib/gcc/pic32mx/4.8.3/../../../../pic32mx/lib/libpic32.a(sbrk.o)
 .debug_loc     0x0000347b       0x38 /opt/microchip/xc32/v2.41/bin/bin/../../lib/gcc/pic32mx/4.8.3/../../../../pic32mx/lib/libpic32.a(write.o)

.debug_macinfo
 *.elf(.debug_macinfo)
 *(.debug_macinfo)

.debug_weaknames
 *.elf(.debug_weaknames)
 *(.debug_weaknames)

.debug_funcnames
 *.elf(.debug_funcnames)
 *(.debug_funcnames)

.debug_typenames
 *.elf(.debug_typenames)
 *(.debug_typenames)

.debug_varnames
 *.elf(.debug_varnames)
 *(.debug_varnames)

.debug_pubtypes
 *.elf(.debug_pubtypes)
 *(.debug_pubtypes)

.debug_ranges   0x00000000      0x9c8
 *.elf(.debug_ranges)
 *(.debug_ranges)
 .debug_ranges  0x00000000       0x10 build/default/production/_ext/1434821282/bsp.o
 .debug_ranges  0x00000010      0x170 build/default/production/_ext/1865657120/plib_uart1.o
 .debug_ranges  0x00000180      0x170 build/default/production/_ext/1865657120/plib_uart2.o
 .debug_ranges  0x000002f0       0x10 build/default/production/_ext/1360937237/main.o
 .debug_ranges  0x00000300       0x10 build/default/production/_ext/1171490990/initialization.o
 .debug_ranges  0x00000310       0x20 build/default/production/_ext/1171490990/interrupts.o
 .debug_ranges  0x00000330       0x18 build/default/production/_ext/1171490990/exceptions.o
 .debug_ranges  0x00000348       0x18 build/default/production/_ext/163028504/xc32_monitor.o
 .debug_ranges  0x00000360       0x10 build/default/production/_ext/60165520/plib_clk.o
 .debug_ranges  0x00000370       0x50 build/default/production/_ext/1865254177/plib_gpio.o
 .debug_ranges  0x000003c0       0x40 build/default/production/_ext/1865200349/plib_evic.o
 .debug_ranges  0x00000400       0x60 build/default/production/_ext/1865638794/plib_tmr1.o
 .debug_ranges  0x00000460       0xc8 build/default/production/_ext/298189674/plib_spi1_master.o
 .debug_ranges  0x00000528       0xf0 build/default/production/_ext/2080046288/drv_bm71.o
 .debug_ranges  0x00000618       0x50 build/default/production/_ext/2080046288/drv_bm71_ble.o
 .debug_ranges  0x00000668       0x28 build/default/production/_ext/2080046288/drv_bm71_command_decode.o
 .debug_ranges  0x00000690       0x70 build/default/production/_ext/2080046288/drv_bm71_command_send.o
 .debug_ranges  0x00000700       0x28 build/default/production/_ext/2080046288/drv_bm71_gpio.o
 .debug_ranges  0x00000728       0x38 build/default/production/_ext/2080046288/drv_bm71_uart.o
 .debug_ranges  0x00000760       0x10 /opt/microchip/xc32/v2.41/bin/bin/../../lib/gcc/pic32mx/4.8.3/../../../../pic32mx/lib/libpic32.a(default-on-reset.o)
 .debug_ranges  0x00000770       0x10 /opt/microchip/xc32/v2.41/bin/bin/../../lib/gcc/pic32mx/4.8.3/../../../../pic32mx/lib/libpic32.a(default-on-bootstrap.o)
 .debug_ranges  0x00000780       0x10 /opt/microchip/xc32/v2.41/bin/bin/../../lib/gcc/pic32mx/4.8.3/../../../../pic32mx/lib/libpic32.a(defaultinterrupt.o)
 .debug_ranges  0x00000790       0x18 /opt/microchip/xc32/v2.41/bin/bin/../../lib/gcc/pic32mx/4.8.3/../../../../pic32mx/lib/libc.a(puts.o)
 .debug_ranges  0x000007a8       0x18 /opt/microchip/xc32/v2.41/bin/bin/../../lib/gcc/pic32mx/4.8.3/../../../../pic32mx/lib/libc.a(setbuf.o)
 .debug_ranges  0x000007c0       0x10 /opt/microchip/xc32/v2.41/bin/bin/../../lib/gcc/pic32mx/4.8.3/../../../../pic32mx/lib/libc.a(printf_cdnopuxX.eo)
 .debug_ranges  0x000007d0       0x10 /opt/microchip/xc32/v2.41/bin/bin/../../lib/gcc/pic32mx/4.8.3/../../../../pic32mx/lib/libc.a(_fputc_simple.o)
 .debug_ranges  0x000007e0       0x18 /opt/microchip/xc32/v2.41/bin/bin/../../lib/gcc/pic32mx/4.8.3/../../../../pic32mx/lib/libc.a(buf.o)
 .debug_ranges  0x000007f8       0x10 /opt/microchip/xc32/v2.41/bin/bin/../../lib/gcc/pic32mx/4.8.3/../../../../pic32mx/lib/libc.a(doprnt_cdnopuxX.eo)
 .debug_ranges  0x00000808       0x10 /opt/microchip/xc32/v2.41/bin/bin/../../lib/gcc/pic32mx/4.8.3/../../../../pic32mx/lib/libc.a(_flsbuf_simple.o)
 .debug_ranges  0x00000818       0x98 /opt/microchip/xc32/v2.41/bin/bin/../../lib/gcc/pic32mx/4.8.3/libgcc.a(_udivdi3.o)
 .debug_ranges  0x000008b0       0xd8 /opt/microchip/xc32/v2.41/bin/bin/../../lib/gcc/pic32mx/4.8.3/libgcc.a(_umoddi3.o)
 .debug_ranges  0x00000988       0x30 /opt/microchip/xc32/v2.41/bin/bin/../../lib/gcc/pic32mx/4.8.3/../../../../pic32mx/lib/libpic32.a(sbrk.o)
 .debug_ranges  0x000009b8       0x10 /opt/microchip/xc32/v2.41/bin/bin/../../lib/gcc/pic32mx/4.8.3/../../../../pic32mx/lib/libpic32.a(write.o)

.gnu.attributes
                0x00000000       0x10
 *(.gnu.attributes)
 .gnu.attributes
                0x00000000       0x10 build/default/production/_ext/1434821282/bsp.o
 .gnu.attributes
                0x00000010       0x10 build/default/production/_ext/1865657120/plib_uart1.o
 .gnu.attributes
                0x00000020       0x10 build/default/production/_ext/1865657120/plib_uart2.o
 .gnu.attributes
                0x00000030       0x10 build/default/production/_ext/1360937237/main.o
 .gnu.attributes
                0x00000040       0x10 build/default/production/_ext/1171490990/initialization.o
 .gnu.attributes
                0x00000050       0x10 build/default/production/_ext/1171490990/interrupts.o
 .gnu.attributes
                0x00000060       0x10 build/default/production/_ext/1171490990/exceptions.o
 .gnu.attributes
                0x00000070       0x10 build/default/production/_ext/163028504/xc32_monitor.o
 .gnu.attributes
                0x00000080       0x10 build/default/production/_ext/60165520/plib_clk.o
 .gnu.attributes
                0x00000090       0x10 build/default/production/_ext/1865254177/plib_gpio.o
 .gnu.attributes
                0x000000a0       0x10 build/default/production/_ext/1865200349/plib_evic.o
 .gnu.attributes
                0x000000b0       0x10 build/default/production/_ext/1865638794/plib_tmr1.o
 .gnu.attributes
                0x000000c0       0x10 build/default/production/_ext/298189674/plib_spi1_master.o
 .gnu.attributes
                0x000000d0       0x10 build/default/production/_ext/2080046288/drv_bm71.o
 .gnu.attributes
                0x000000e0       0x10 build/default/production/_ext/2080046288/drv_bm71_ble.o
 .gnu.attributes
                0x000000f0       0x10 build/default/production/_ext/2080046288/drv_bm71_command_decode.o
 .gnu.attributes
                0x00000100       0x10 build/default/production/_ext/2080046288/drv_bm71_command_send.o
 .gnu.attributes
                0x00000110       0x10 build/default/production/_ext/2080046288/drv_bm71_gpio.o
 .gnu.attributes
                0x00000120       0x10 build/default/production/_ext/2080046288/drv_bm71_uart.o
 .gnu.attributes
                0x00000130       0x10 /opt/microchip/xc32/v2.41/bin/bin/../../lib/gcc/pic32mx/4.8.3/../../../../pic32mx/lib/libpic32.a(default-on-reset.o)
 .gnu.attributes
                0x00000140       0x10 /opt/microchip/xc32/v2.41/bin/bin/../../lib/gcc/pic32mx/4.8.3/../../../../pic32mx/lib/libpic32.a(default-on-bootstrap.o)
 .gnu.attributes
                0x00000150       0x10 /opt/microchip/xc32/v2.41/bin/bin/../../lib/gcc/pic32mx/4.8.3/../../../../pic32mx/lib/libpic32.a(defaultinterrupt.o)
 .gnu.attributes
                0x00000160       0x10 /opt/microchip/xc32/v2.41/bin/bin/../../lib/gcc/pic32mx/4.8.3/../../../../pic32mx/lib/libc.a(_iob.o)
 .gnu.attributes
                0x00000170       0x10 /opt/microchip/xc32/v2.41/bin/bin/../../lib/gcc/pic32mx/4.8.3/../../../../pic32mx/lib/libc.a(puts.o)
 .gnu.attributes
                0x00000180       0x10 /opt/microchip/xc32/v2.41/bin/bin/../../lib/gcc/pic32mx/4.8.3/../../../../pic32mx/lib/libc.a(setbuf.o)
 .gnu.attributes
                0x00000190       0x10 /opt/microchip/xc32/v2.41/bin/bin/../../lib/gcc/pic32mx/4.8.3/../../../../pic32mx/lib/libc.a(printf_cdnopuxX.eo)
 .gnu.attributes
                0x000001a0       0x10 /opt/microchip/xc32/v2.41/bin/bin/../../lib/gcc/pic32mx/4.8.3/../../../../pic32mx/lib/libc.a(_fputc_simple.o)
 .gnu.attributes
                0x000001b0       0x10 /opt/microchip/xc32/v2.41/bin/bin/../../lib/gcc/pic32mx/4.8.3/../../../../pic32mx/lib/libc.a(buf.o)
 .gnu.attributes
                0x000001c0       0x10 /opt/microchip/xc32/v2.41/bin/bin/../../lib/gcc/pic32mx/4.8.3/../../../../pic32mx/lib/libc.a(errno.o)
 .gnu.attributes
                0x000001d0       0x10 /opt/microchip/xc32/v2.41/bin/bin/../../lib/gcc/pic32mx/4.8.3/../../../../pic32mx/lib/libc.a(doprnt_cdnopuxX.eo)
 .gnu.attributes
                0x000001e0       0x10 /opt/microchip/xc32/v2.41/bin/bin/../../lib/gcc/pic32mx/4.8.3/../../../../pic32mx/lib/libc.a(_flsbuf_simple.o)
 .gnu.attributes
                0x000001f0       0x10 /opt/microchip/xc32/v2.41/bin/bin/../../lib/gcc/pic32mx/4.8.3/../../../../pic32mx/lib/libc.a(ctype.o)
 .gnu.attributes
                0x00000200       0x10 /opt/microchip/xc32/v2.41/bin/bin/../../lib/gcc/pic32mx/4.8.3/libgcc.a(_udivdi3.o)
 .gnu.attributes
                0x00000210       0x10 /opt/microchip/xc32/v2.41/bin/bin/../../lib/gcc/pic32mx/4.8.3/libgcc.a(_umoddi3.o)
 .gnu.attributes
                0x00000220       0x10 /opt/microchip/xc32/v2.41/bin/bin/../../lib/gcc/pic32mx/4.8.3/../../../../pic32mx/lib/libpic32.a(sbrk.o)
 .gnu.attributes
                0x00000230       0x10 /opt/microchip/xc32/v2.41/bin/bin/../../lib/gcc/pic32mx/4.8.3/../../../../pic32mx/lib/libpic32.a(write.o)
                0x00000200                _min_heap_size = 0x200
LOAD /tmp/cc0aV5DO.o
LOAD /tmp/ccDQtqNO.o
LOAD /tmp/cche4AiO.o
LOAD /opt/microchip/xc32/v2.41/bin/bin/../../lib/gcc/pic32mx/4.8.3/../../../../pic32mx/lib/./proc/32MX250F128B/default_isr_vectors.o
LOAD /opt/microchip/xc32/v2.41/bin/bin/../../lib/gcc/pic32mx/4.8.3/../../../../pic32mx/lib/pic32_software_reset.o
LOAD /opt/microchip/xc32/v2.41/bin/bin/../../lib/gcc/pic32mx/4.8.3/libgcc.a
START GROUP
LOAD /opt/microchip/xc32/v2.41/bin/bin/../../lib/gcc/pic32mx/4.8.3/../../../../pic32mx/lib/libpic32.a
LOAD /opt/microchip/xc32/v2.41/bin/bin/../../lib/gcc/pic32mx/4.8.3/../../../../pic32mx/lib/libdebug.a
LOAD /opt/microchip/xc32/v2.41/bin/bin/../../lib/gcc/pic32mx/4.8.3/../../../../pic32mx/lib/libpic32.a
LOAD /opt/microchip/xc32/v2.41/bin/bin/../../lib/gcc/pic32mx/4.8.3/../../../../pic32mx/lib/libc.a
LOAD /opt/microchip/xc32/v2.41/bin/bin/../../lib/gcc/pic32mx/4.8.3/../../../../pic32mx/lib/libc.a
LOAD /opt/microchip/xc32/v2.41/bin/bin/../../lib/gcc/pic32mx/4.8.3/../../../../pic32mx/lib/libm.a
LOAD /opt/microchip/xc32/v2.41/bin/bin/../../lib/gcc/pic32mx/4.8.3/../../../../pic32mx/lib/libe.a
LOAD /opt/microchip/xc32/v2.41/bin/bin/../../lib/gcc/pic32mx/4.8.3/../../../../pic32mx/lib/libdsp.a
LOAD /opt/microchip/xc32/v2.41/bin/bin/../../lib/gcc/pic32mx/4.8.3/libgcc.a
LOAD /opt/microchip/xc32/v2.41/bin/bin/../../lib/gcc/pic32mx/4.8.3/../../../../pic32mx/lib/libpic32.a
END GROUP
LOAD /opt/microchip/xc32/v2.41/bin/bin/../../lib/gcc/pic32mx/4.8.3/libgcc.a
OUTPUT(dist/default/production/mx250h3.X.production.elf elf32-tradlittlemips)
LOAD stack
LOAD data_init

.reginfo        0x00000000       0x18
 .reginfo       0x00000000       0x18 /opt/microchip/xc32/v2.41/bin/bin/../../lib/gcc/pic32mx/4.8.3/../../../../pic32mx/lib/debug-exception-return.o

.stack          0xa0000650      0x400
 .stack         0xa0000650      0x400 stack

.bss            0xa00001dc      0x100
 .bss           0xa00001dc      0x100 build/default/production/_ext/1865657120/plib_uart2.o

.data           0xa00002dc       0xa4
 .data          0xa00002dc       0xa4 /opt/microchip/xc32/v2.41/bin/bin/../../lib/gcc/pic32mx/4.8.3/../../../../pic32mx/lib/libc.a(_iob.o)
                0xa00002dc                _Files
                0xa00002e0                _iob

.bss            0xa0000380       0x84
 .bss           0xa0000380       0x44 /opt/microchip/xc32/v2.41/bin/bin/../../lib/gcc/pic32mx/4.8.3/../../../../pic32mx/lib/libc.a(_iob.o)
                0xa0000380                _sobuf
                0xa00003a0                _sibuf
                0xa00003c0                _outdone
 .bss           0xa00003c4       0x40 build/default/production/_ext/2080046288/drv_bm71_uart.o

.bss            0xa0000404       0x28
 .bss           0xa0000404       0x24 /opt/microchip/xc32/v2.41/bin/bin/../../lib/gcc/pic32mx/4.8.3/../../../../pic32mx/lib/libpic32.a(sbrk.o)
                0xa0000420                _maxbrk
                0xa0000424                _minbrk
 .bss           0xa0000428        0x4 /opt/microchip/xc32/v2.41/bin/bin/../../lib/gcc/pic32mx/4.8.3/../../../../pic32mx/lib/libc.a(buf.o)

.bss.errno      0xa000042c        0x4
 .bss.errno     0xa000042c        0x4 /opt/microchip/xc32/v2.41/bin/bin/../../lib/gcc/pic32mx/4.8.3/../../../../pic32mx/lib/libc.a(errno.o)
                0xa000042c                errno

._debug_exception
                0xbfc00480       0x2c
 ._debug_exception
                0xbfc00480       0x2c /opt/microchip/xc32/v2.41/bin/bin/../../lib/gcc/pic32mx/4.8.3/../../../../pic32mx/lib/debug-exception-return.o
                0xbfc00480                __DbgExecReturn

.text.SPI_1_InterruptHandler
                0x9d000000      0x4d4
 .text.SPI_1_InterruptHandler
                0x9d000000      0x4d4 build/default/production/_ext/298189674/plib_spi1_master.o
                0x9d000000                SPI_1_InterruptHandler

.text.UART_2_InterruptHandler
                0x9d0004d4      0x334
 .text.UART_2_InterruptHandler
                0x9d0004d4      0x334 build/default/production/_ext/1865657120/plib_uart2.o
                0x9d0004d4                UART_2_InterruptHandler

.text._sbrk_init
                0x9d000808      0x194
 .text._sbrk_init
                0x9d000808      0x194 /opt/microchip/xc32/v2.41/bin/bin/../../lib/gcc/pic32mx/4.8.3/../../../../pic32mx/lib/libpic32.a(sbrk.o)
                0x9d000808                _sbrk_init

.dinit          0x9d00099c      0x180
 .dinit         0x9d00099c      0x180 data_init

.text.SPI_1_Handler
                0x9d000b1c      0x110
 .text.SPI_1_Handler
                0x9d000b1c      0x110 build/default/production/_ext/1171490990/interrupts.o
                0x9d000b1c                SPI_1_Handler

.text.UART_2_Handler
                0x9d000c2c      0x110
 .text.UART_2_Handler
                0x9d000c2c      0x110 build/default/production/_ext/1171490990/interrupts.o
                0x9d000c2c                UART_2_Handler

.text.setvbuf   0x9d000d3c      0x100
 .text.setvbuf  0x9d000d3c      0x100 /opt/microchip/xc32/v2.41/bin/bin/../../lib/gcc/pic32mx/4.8.3/../../../../pic32mx/lib/libc.a(setbuf.o)
                0x9d000d3c                setvbuf

.text.general_exception
                0x9d000e3c       0xdc
 .text.general_exception
                0x9d000e3c       0xdc /opt/microchip/xc32/v2.41/bin/bin/../../lib/gcc/pic32mx/4.8.3/../../../../pic32mx/lib/libpic32.a(general-exception.o)
                0x9d000e3c                _general_exception_context

.text._sbrk     0x9d000f18       0xc8
 .text._sbrk    0x9d000f18       0xc8 /opt/microchip/xc32/v2.41/bin/bin/../../lib/gcc/pic32mx/4.8.3/../../../../pic32mx/lib/libpic32.a(sbrk.o)
                0x9d000f18                _sbrk

.text.SYS_Initialize
                0x9d000fe0       0xa8
 .text.SYS_Initialize
                0x9d000fe0       0xa8 build/default/production/_ext/1171490990/initialization.o
                0x9d000fe0                SYS_Initialize

.text           0x9d001088       0xa8
 .text          0x9d001088       0xa8 /opt/microchip/xc32/v2.41/bin/bin/../../lib/gcc/pic32mx/4.8.3/../../../../pic32mx/lib/libpic32.a(memset.o)
                0x9d001088                memset

.text.UART1_Initialize
                0x9d001130       0x94
 .text.UART1_Initialize
                0x9d001130       0x94 build/default/production/_ext/1865657120/plib_uart1.o
                0x9d001130                UART1_Initialize

.text.UART2_Initialize
                0x9d0011c4       0x94
 .text.UART2_Initialize
                0x9d0011c4       0x94 build/default/production/_ext/1865657120/plib_uart2.o
                0x9d0011c4                UART2_Initialize

.text.CLK_Initialize
                0x9d001258       0x94
 .text.CLK_Initialize
                0x9d001258       0x94 build/default/production/_ext/60165520/plib_clk.o
                0x9d001258                CLK_Initialize

.text.DRV_BM71_Initialize
                0x9d0012ec       0x8c
 .text.DRV_BM71_Initialize
                0x9d0012ec       0x8c build/default/production/_ext/2080046288/drv_bm71.o
                0x9d0012ec                DRV_BM71_Initialize

.text.SPI1_Initialize
                0x9d001378       0x88
 .text.SPI1_Initialize
                0x9d001378       0x88 build/default/production/_ext/298189674/plib_spi1_master.o
                0x9d001378                SPI1_Initialize

.text           0x9d001400       0x84
 .text          0x9d001400       0x84 /opt/microchip/xc32/v2.41/bin/bin/../../lib/gcc/pic32mx/4.8.3/../../../../pic32mx/lib/libpic32.a(pic32_data_init.o)
                0x9d001400                __pic32_data_init

.text.TIMER_1_Handler
                0x9d001484       0x60
 .text.TIMER_1_Handler
                0x9d001484       0x60 build/default/production/_ext/1171490990/interrupts.o
                0x9d001484                TIMER_1_Handler

.text._bufallo  0x9d0014e4       0x5c
 .text._bufallo
                0x9d0014e4       0x5c /opt/microchip/xc32/v2.41/bin/bin/../../lib/gcc/pic32mx/4.8.3/../../../../pic32mx/lib/libc.a(buf.o)
                0x9d0014e4                _bufallo

.text.main_entry
                0x9d001540       0x54
 .text.main_entry
                0x9d001540       0x54 /tmp/cc0aV5DO.o
                0x9d001574                __crt0_exit

.text.sbrk      0x9d001594       0x50
 .text.sbrk     0x9d001594       0x50 /opt/microchip/xc32/v2.41/bin/bin/../../lib/gcc/pic32mx/4.8.3/../../../../pic32mx/lib/libpic32.a(sbrk.o)
                0x9d001594                sbrk

.text.DRV_BM71_CommandDecodeInit
                0x9d0015e4       0x4c
 .text.DRV_BM71_CommandDecodeInit
                0x9d0015e4       0x4c build/default/production/_ext/2080046288/drv_bm71_command_decode.o
                0x9d0015e4                DRV_BM71_CommandDecodeInit

.text.DRV_BM71_EUSART_Read
                0x9d001630       0x48
 .text.DRV_BM71_EUSART_Read
                0x9d001630       0x48 build/default/production/_ext/2080046288/drv_bm71_uart.o
                0x9d001630                DRV_BM71_EUSART_Read

.vector_default
                0x9d001678       0x48
 .vector_default
                0x9d001678       0x48 /opt/microchip/xc32/v2.41/bin/bin/../../lib/gcc/pic32mx/4.8.3/../../../../pic32mx/lib/libpic32.a(defaultinterrupt.o)
                0x9d001678                _DefaultInterrupt

.text           0x9d0016c0       0x44
 .text          0x9d0016c0       0x44 /opt/microchip/xc32/v2.41/bin/bin/../../lib/gcc/pic32mx/4.8.3/../../../../pic32mx/lib/pic32_software_reset.o
                0x9d0016c0                __pic32_software_reset

.text.TMR1_Initialize
                0x9d001704       0x3c
 .text.TMR1_Initialize
                0x9d001704       0x3c build/default/production/_ext/1865638794/plib_tmr1.o
                0x9d001704                TMR1_Initialize

.text.setbuf    0x9d001740       0x3c
 .text.setbuf   0x9d001740       0x3c /opt/microchip/xc32/v2.41/bin/bin/../../lib/gcc/pic32mx/4.8.3/../../../../pic32mx/lib/libc.a(setbuf.o)
                0x9d001740                setbuf

.text.EVIC_Initialize
                0x9d00177c       0x38
 .text.EVIC_Initialize
                0x9d00177c       0x38 build/default/production/_ext/1865200349/plib_evic.o
                0x9d00177c                EVIC_Initialize

.text.DRV_BM71_SPPBuffClear
                0x9d0017b4       0x30
 .text.DRV_BM71_SPPBuffClear
                0x9d0017b4       0x30 build/default/production/_ext/2080046288/drv_bm71.o
                0x9d0017b4                DRV_BM71_SPPBuffClear

.text.UART2_WritePendingBytesGet
                0x9d0017e4       0x2c
 .text.UART2_WritePendingBytesGet
                0x9d0017e4       0x2c build/default/production/_ext/1865657120/plib_uart2.o

.text.UART2_ReadCountGet
                0x9d001810       0x2c
 .text.UART2_ReadCountGet
                0x9d001810       0x2c build/default/production/_ext/1865657120/plib_uart2.o
                0x9d001810                UART2_ReadCountGet

.text._stub_sbd_memlayout
                0x9d00183c       0x2c
 .text._stub_sbd_memlayout
                0x9d00183c       0x2c /opt/microchip/xc32/v2.41/bin/bin/../../lib/gcc/pic32mx/4.8.3/../../../../pic32mx/lib/libpic32.a(sbrk.o)
                0x9d00183c                _stub_sbd_memlayout
                0x9d00183c                _sbd_memlayout

.text.UART2_WriteFreeBufferCountGet
                0x9d001868       0x24
 .text.UART2_WriteFreeBufferCountGet
                0x9d001868       0x24 build/default/production/_ext/1865657120/plib_uart2.o
                0x9d001868                UART2_WriteFreeBufferCountGet

.text._general_exception_handler
                0x9d00188c       0x24
 .text._general_exception_handler
                0x9d00188c       0x24 build/default/production/_ext/1171490990/exceptions.o
                0x9d00188c                _general_exception_handler

.text._bootstrap_exception_handler
                0x9d0018b0       0x24
 .text._bootstrap_exception_handler
                0x9d0018b0       0x24 build/default/production/_ext/1171490990/exceptions.o
                0x9d0018b0                _bootstrap_exception_handler

.text.DRV_BM71_UART_Initialize
                0x9d0018d4       0x24
 .text.DRV_BM71_UART_Initialize
                0x9d0018d4       0x24 build/default/production/_ext/2080046288/drv_bm71_uart.o
                0x9d0018d4                DRV_BM71_UART_Initialize

.text.GPIO_Initialize
                0x9d0018f8       0x1c
 .text.GPIO_Initialize
                0x9d0018f8       0x1c build/default/production/_ext/1865254177/plib_gpio.o
                0x9d0018f8                GPIO_Initialize

.text.main      0x9d001914       0x18
 .text.main     0x9d001914       0x18 build/default/production/_ext/1360937237/main.o
                0x9d001914                main

.text           0x9d00192c       0x18
 .text          0x9d00192c       0x18 /opt/microchip/xc32/v2.41/bin/bin/../../lib/gcc/pic32mx/4.8.3/../../../../pic32mx/lib/libpic32.a(default-nmi-handler.o)
                0x9d00192c                _nmi_handler

.text._buffree  0x9d001944       0x14
 .text._buffree
                0x9d001944       0x14 /opt/microchip/xc32/v2.41/bin/bin/../../lib/gcc/pic32mx/4.8.3/../../../../pic32mx/lib/libc.a(buf.o)
                0x9d001944                _buffree

.text.DRV_BM71_CommandSendInit
                0x9d001958       0x10
 .text.DRV_BM71_CommandSendInit
                0x9d001958       0x10 build/default/production/_ext/2080046288/drv_bm71_command_send.o
                0x9d001958                DRV_BM71_CommandSendInit

.text.BSP_Initialize
                0x9d001968        0x8
 .text.BSP_Initialize
                0x9d001968        0x8 build/default/production/_ext/1434821282/bsp.o
                0x9d001968                BSP_Initialize

.text._on_reset
                0x9d001970        0x8
 .text._on_reset
                0x9d001970        0x8 /opt/microchip/xc32/v2.41/bin/bin/../../lib/gcc/pic32mx/4.8.3/../../../../pic32mx/lib/libpic32.a(default-on-reset.o)
                0x9d001970                _on_reset

.text._on_bootstrap
                0x9d001978        0x8
 .text._on_bootstrap
                0x9d001978        0x8 /opt/microchip/xc32/v2.41/bin/bin/../../lib/gcc/pic32mx/4.8.3/../../../../pic32mx/lib/libpic32.a(default-on-bootstrap.o)
                0x9d001978                _on_bootstrap